#-----------------------------------------------------------
# Vivado v2020.2 (64-bit)
# SW Build 3064766 on Wed Nov 18 09:12:45 MST 2020
# IP Build 3064653 on Wed Nov 18 14:17:31 MST 2020
# Start of session at: Thu Sep 10 15:55:17 2026
# Process ID: 18008
# Current directory: C:/Users/Utilisateur/Documents/POEI/Projet_fin/Projet/PL
# Command line: vivado.exe -gui_launcher_event rodinguilauncherevent7188 C:\Users\Utilisateur\Documents\POEI\Projet_fin\Projet\PL\projet_SoC_tracking.xpr
# Log file: C:/Users/Utilisateur/Documents/POEI/Projet_fin/Projet/PL/vivado.log
# Journal file: C:/Users/Utilisateur/Documents/POEI/Projet_fin/Projet/PL\vivado.jou
#-----------------------------------------------------------
start_gui
open_project C:/Users/Utilisateur/Documents/POEI/Projet_fin/Projet/PL/projet_SoC_tracking.xpr
Scanning sources...
Finished scanning sources
INFO: [IP_Flow 19-234] Refreshing IP repositories
INFO: [IP_Flow 19-1700] Loaded user IP repository 'c:/Users/Utilisateur/Documents/POEI/Projet_fin/Projet/IP'.
INFO: [IP_Flow 19-2313] Loaded Vivado IP repository 'C:/Xilinx/Vivado/2020.2/data/ip'.
open_project: Time (s): cpu = 00:00:11 ; elapsed = 00:00:06 . Memory (MB): peak = 1018.250 ; gain = 0.000
update_compile_order -fileset sources_1
open_bd_design {C:/Users/Utilisateur/Documents/POEI/Projet_fin/Projet/PL/projet_SoC_tracking.srcs/sources_1/bd/projet_complet/projet_complet.bd}
Reading block design file <C:/Users/Utilisateur/Documents/POEI/Projet_fin/Projet/PL/projet_SoC_tracking.srcs/sources_1/bd/projet_complet/projet_complet.bd>...
Adding component instance block -- xilinx.com:ip:processing_system7:5.5 - processing_system7_0
Adding component instance block -- xilinx.com:user:PMODVGA:1.0 - PMODVGA_0
Adding component instance block -- xilinx.com:user:TGP:1.0 - TGP_0
Adding component instance block -- xilinx.com:ip:clk_wiz:6.0 - clk_wiz_0
Adding component instance block -- xilinx.com:ip:axi_interconnect:2.1 - axi_interconnect_0
Adding component instance block -- xilinx.com:ip:axi_crossbar:2.1 - xbar
Adding component instance block -- xilinx.com:ip:proc_sys_reset:5.0 - rst_ps7_0_50M
Successfully read diagram <projet_complet> from block design file <C:/Users/Utilisateur/Documents/POEI/Projet_fin/Projet/PL/projet_SoC_tracking.srcs/sources_1/bd/projet_complet/projet_complet.bd>
open_bd_design: Time (s): cpu = 00:00:09 ; elapsed = 00:00:06 . Memory (MB): peak = 1018.250 ; gain = 0.000
startgroup
create_bd_cell -type ip -vlnv xilinx.com:user:source_select:1.0 source_select_0
endgroup
delete_bd_objs [get_bd_intf_nets TGP_0_M00_AXIS]
connect_bd_intf_net [get_bd_intf_pins TGP_0/M00_AXIS] [get_bd_intf_pins source_select_0/S01_AXIS]
connect_bd_intf_net -boundary_type upper [get_bd_intf_pins axi_interconnect_0/M00_AXI] [get_bd_intf_pins source_select_0/S00_AXI]
startgroup
apply_bd_automation -rule xilinx.com:bd_rule:clkrst -config { Clk {/processing_system7_0/FCLK_CLK0 (50 MHz)} Freq {100} Ref_Clk0 {} Ref_Clk1 {} Ref_Clk2 {}}  [get_bd_pins axi_interconnect_0/M00_ACLK]
INFO: [BD 5-455] Automation on '/source_select_0/s00_axi_aclk' will not be run, since it is obsolete due to previously run automations
apply_bd_automation -rule xilinx.com:bd_rule:clkrst -config { Clk {/processing_system7_0/FCLK_CLK0 (50 MHz)} Freq {100} Ref_Clk0 {} Ref_Clk1 {} Ref_Clk2 {}}  [get_bd_pins source_select_0/s01_axis_aclk]
endgroup
connect_bd_intf_net [get_bd_intf_pins PMODVGA_0/S00_AXIS] [get_bd_intf_pins source_select_0/M00_AXIS]
apply_bd_automation -rule xilinx.com:bd_rule:clkrst -config { Clk {/processing_system7_0/FCLK_CLK0 (50 MHz)} Freq {100} Ref_Clk0 {} Ref_Clk1 {} Ref_Clk2 {}}  [get_bd_pins source_select_0/m00_axis_aclk]
regenerate_bd_layout
WARNING: [IP_Flow 19-474] Invalid Parameter 'Component_Name'
startgroup
set_property -dict [list CONFIG.PCW_USE_DMA0 {1}] [get_bd_cells processing_system7_0]
endgroup
WARNING: [IP_Flow 19-474] Invalid Parameter 'Component_Name'
WARNING: [IP_Flow 19-474] Invalid Parameter 'Component_Name'
startgroup
set_property -dict [list CONFIG.PCW_USE_DMA0 {0}] [get_bd_cells processing_system7_0]
endgroup
save_bd_design
Wrote  : <C:\Users\Utilisateur\Documents\POEI\Projet_fin\Projet\PL\projet_SoC_tracking.srcs\sources_1\bd\projet_complet\projet_complet.bd> 
Wrote  : <C:/Users/Utilisateur/Documents/POEI/Projet_fin/Projet/PL/projet_SoC_tracking.srcs/sources_1/bd/projet_complet/ui/bd_36a1ff99.ui> 
exit
INFO: [Common 17-206] Exiting Vivado at Thu Sep 10 16:09:27 2026...
