#-----------------------------------------------------------
# Vivado v2020.2 (64-bit)
# SW Build 3064766 on Wed Nov 18 09:12:45 MST 2020
# IP Build 3064653 on Wed Nov 18 14:17:31 MST 2020
# Start of session at: Fri Sep 18 10:30:43 2026
# Process ID: 21012
# Current directory: C:/Users/Utilisateur/Documents/POEI/Projet_fin/Projet/PL
# Command line: vivado.exe -gui_launcher_event rodinguilauncherevent19392 C:\Users\Utilisateur\Documents\POEI\Projet_fin\Projet\PL\projet_SoC_tracking.xpr
# Log file: C:/Users/Utilisateur/Documents/POEI/Projet_fin/Projet/PL/vivado.log
# Journal file: C:/Users/Utilisateur/Documents/POEI/Projet_fin/Projet/PL\vivado.jou
#-----------------------------------------------------------sstart_guioopen_project C:/Users/Utilisateur/Documents/POEI/Projet_fin/Projet/PL/projet_SoC_tracking.xprSScanning sources...
Finished scanning sourcesIINFO: [IP_Flow 19-234] Refreshing IP repositoriesINFO: [IP_Flow 19-1700] Loaded user IP repository 'c:/Users/Utilisateur/Documents/POEI/Projet_fin/Projet/IP'.
IINFO: [IP_Flow 19-2313] Loaded Vivado IP repository 'C:/Xilinx/Vivado/2020.2/data/ip'.WARNING: [BD 41-1661] One or more IPs have been locked in the design 'projet_complet.bd'. Please run report_ip_status for more details and recommendations on how to fix this issue.
List of locked IPs:
projet_complet_TGP_0_0

oopen_project: Time (s): cpu = 00:00:21 ; elapsed = 00:00:17 . Memory (MB): peak = 1017.656 ; gain = 0.000
update_compile_order -fileset sources_1oexit
INFO: [Common 17-206] Exiting Vivado at Fri Sep 18 10:34:15 2026...
rojet_SoC_tracking.srcs/sources_1/bd/projet_complet/projet_complet.bd}
Reading block design file <C:/Users/Utilisateur/Documents/POEI/Projet_fin/Projet/PL/projet_SoC_tracking.srcs/sources_1/bd/projet_complet/projet_complet.bd>...
Adding component instance block -- xilinx.com:ip:processing_system7:5.5 - processing_system7_0
Adding component instance block -- xilinx.com:user:PMODVGA:1.0 - PMODVGA_0
Adding component instance block -- xilinx.com:user:TGP:1.0 - TGP_0
Adding component instance block -- xilinx.com:ip:clk_wiz:6.0 - clk_wiz_0
Adding component instance block -- xilinx.com:ip:axi_interconnect:2.1 - axi_interconnect_0
Adding component instance block -- xilinx.com:ip:axi_crossbar:2.1 - xbar
Adding component instance block -- xilinx.com:ip:proc_sys_reset:5.0 - rst_ps7_0_50M
Adding component instance block -- xilinx.com:user:filtre_gaussien:1.0 - filtre_gaussien_0
Adding component instance block -- xilinx.com:user:filtre_harris:1.0 - filtre_harris_0
Adding component instance block -- xilinx.com:user:seuil:1.0 - seuil_0
Adding component instance block -- xilinx.com:user:luminance:1.0 - luminance_0
Adding component instance block -- xilinx.com:user:overlay:1.0 - overlay_0
Adding component instance block -- xilinx.com:ip:axis_switch:1.1 - axis_switch_0
Adding component instance block -- xilinx.com:ip:v_tpg:8.1 - v_tpg_0
Successfully read diagram <projet_complet> from block design file <C:/Users/Utilisateur/Documents/POEI/Projet_fin/Projet/PL/projet_SoC_tracking.srcs/sources_1/bd/projet_complet/projet_complet.bd>
open_bd_design: Time (s): cpu = 00:00:12 ; elapsed = 00:00:12 . Memory (MB): peak = 1004.512 ; gain = 0.000
WARNING: [IP_Flow 19-474] Invalid Parameter 'Component_Name'
startgroup
set_property -dict [list CONFIG.PCW_USE_DMA0 {1}] [get_bd_cells processing_system7_0]
endgroup
WARNING: [IP_Flow 19-474] Invalid Parameter 'Component_Name'
startgroup
set_property -dict [list CONFIG.PCW_USE_S_AXI_HP0 {1} CONFIG.PCW_USE_DMA0 {0} CONFIG.PCW_S_AXI_HP0_DATA_WIDTH {32}] [get_bd_cells processing_system7_0]
endgroup
save_bd_design
Wrote  : <C:\Users\Utilisateur\Documents\POEI\Projet_fin\Projet\PL\projet_SoC_tracking.srcs\sources_1\bd\projet_complet\projet_complet.bd> 
Wrote  : <C:/Users/Utilisateur/Documents/POEI/Projet_fin/Projet/PL/projet_SoC_tracking.srcs/sources_1/bd/projet_complet/ui/bd_36a1ff99.ui> 
exit
INFO: [Common 17-206] Exiting Vivado at Fri Sep 18 17:31:30 2026...
