#-----------------------------------------------------------
# Vivado v2020.2 (64-bit)
# SW Build 3064766 on Wed Nov 18 09:12:45 MST 2020
# IP Build 3064653 on Wed Nov 18 14:17:31 MST 2020
# Start of session at: Thu Sep 10 16:09:33 2026
# Process ID: 11532
# Current directory: C:/Users/Utilisateur/Documents/POEI/Projet_fin/Projet/PL
# Command line: vivado.exe -gui_launcher_event rodinguilauncherevent9140 C:\Users\Utilisateur\Documents\POEI\Projet_fin\Projet\PL\projet_SoC_tracking.xpr
# Log file: C:/Users/Utilisateur/Documents/POEI/Projet_fin/Projet/PL/vivado.log
# Journal file: C:/Users/Utilisateur/Documents/POEI/Projet_fin/Projet/PL\vivado.jou
#-----------------------------------------------------------
start_gui
open_project C:/Users/Utilisateur/Documents/POEI/Projet_fin/Projet/PL/projet_SoC_tracking.xpr
Scanning sources...
Finished scanning sources
INFO: [IP_Flow 19-234] Refreshing IP repositories
INFO: [IP_Flow 19-1700] Loaded user IP repository 'c:/Users/Utilisateur/Documents/POEI/Projet_fin/Projet/IP'.
INFO: [IP_Flow 19-2313] Loaded Vivado IP repository 'C:/Xilinx/Vivado/2020.2/data/ip'.
open_project: Time (s): cpu = 00:00:12 ; elapsed = 00:00:06 . Memory (MB): peak = 1016.672 ; gain = 0.000
update_compile_order -fileset sources_1
open_bd_design {C:/Users/Utilisateur/Documents/POEI/Projet_fin/Projet/PL/projet_SoC_tracking.srcs/sources_1/bd/projet_complet/projet_complet.bd}
Reading block design file <C:/Users/Utilisateur/Documents/POEI/Projet_fin/Projet/PL/projet_SoC_tracking.srcs/sources_1/bd/projet_complet/projet_complet.bd>...
Adding component instance block -- xilinx.com:ip:processing_system7:5.5 - processing_system7_0
Adding component instance block -- xilinx.com:user:PMODVGA:1.0 - PMODVGA_0
Adding component instance block -- xilinx.com:user:TGP:1.0 - TGP_0
Adding component instance block -- xilinx.com:ip:clk_wiz:6.0 - clk_wiz_0
Adding component instance block -- xilinx.com:ip:axi_interconnect:2.1 - axi_interconnect_0
Adding component instance block -- xilinx.com:ip:axi_crossbar:2.1 - xbar
Adding component instance block -- xilinx.com:ip:proc_sys_reset:5.0 - rst_ps7_0_50M
Adding component instance block -- xilinx.com:user:source_select:1.0 - source_select_0
Successfully read diagram <projet_complet> from block design file <C:/Users/Utilisateur/Documents/POEI/Projet_fin/Projet/PL/projet_SoC_tracking.srcs/sources_1/bd/projet_complet/projet_complet.bd>
open_bd_design: Time (s): cpu = 00:00:10 ; elapsed = 00:00:05 . Memory (MB): peak = 1016.672 ; gain = 0.000
startgroup
create_bd_cell -type ip -vlnv xilinx.com:user:filtre_gaussien:1.0 filtre_gaussien_0
endgroup
startgroup
create_bd_cell -type ip -vlnv xilinx.com:user:filtre_harris:1.0 filtre_harris_0
endgroup
startgroup
create_bd_cell -type ip -vlnv xilinx.com:user:seuil:1.0 seuil_0
endgroup
delete_bd_objs [get_bd_intf_nets source_select_0_M00_AXIS]
startgroup
create_bd_cell -type ip -vlnv xilinx.com:user:luminance:1.0 luminance_0
endgroup
set_property location {4 1176 -23} [get_bd_cells luminance_0]
connect_bd_intf_net [get_bd_intf_pins luminance_0/S00_AXIS] [get_bd_intf_pins source_select_0/M00_AXIS]
connect_bd_intf_net [get_bd_intf_pins luminance_0/M00_AXIS] [get_bd_intf_pins filtre_gaussien_0/S00_AXIS]
connect_bd_intf_net [get_bd_intf_pins filtre_gaussien_0/M00_AXIS] [get_bd_intf_pins filtre_harris_0/S00_AXIS]
connect_bd_intf_net [get_bd_intf_pins filtre_harris_0/M00_AXIS] [get_bd_intf_pins seuil_0/S00_AXIS]
connect_bd_intf_net [get_bd_intf_pins seuil_0/S00_AXI] -boundary_type upper [get_bd_intf_pins axi_interconnect_0/M01_AXI]
startgroup
create_bd_cell -type ip -vlnv xilinx.com:user:overlay:1.0 overlay_0
endgroup
connect_bd_intf_net [get_bd_intf_pins seuil_0/M00_AXIS] [get_bd_intf_pins overlay_0/S01_AXIS]
connect_bd_intf_net [get_bd_intf_pins PMODVGA_0/S00_AXIS] [get_bd_intf_pins overlay_0/M00_AXIS]
startgroup
apply_bd_automation -rule xilinx.com:bd_rule:clkrst -config { Clk {/processing_system7_0/FCLK_CLK0 (50 MHz)} Freq {100} Ref_Clk0 {} Ref_Clk1 {} Ref_Clk2 {}}  [get_bd_pins axi_interconnect_0/M01_ACLK]
apply_bd_automation -rule xilinx.com:bd_rule:clkrst -config { Clk {/processing_system7_0/FCLK_CLK0 (50 MHz)} Freq {100} Ref_Clk0 {} Ref_Clk1 {} Ref_Clk2 {}}  [get_bd_pins filtre_gaussien_0/m00_axis_aclk]
apply_bd_automation -rule xilinx.com:bd_rule:clkrst -config { Clk {/processing_system7_0/FCLK_CLK0 (50 MHz)} Freq {100} Ref_Clk0 {} Ref_Clk1 {} Ref_Clk2 {}}  [get_bd_pins filtre_gaussien_0/s00_axis_aclk]
apply_bd_automation -rule xilinx.com:bd_rule:axi4 -config { Clk_master {Auto} Clk_slave {/processing_system7_0/FCLK_CLK0 (50 MHz)} Clk_xbar {/processing_system7_0/FCLK_CLK0 (50 MHz)} Master {/filtre_harris_0/M00_AXI} Slave {/source_select_0/S00_AXI} ddr_seg {Auto} intc_ip {/axi_interconnect_0} master_apm {0}}  [get_bd_intf_pins filtre_harris_0/M00_AXI]
Slave segment '/seuil_0/S00_AXI/S00_AXI_reg' is being assigned into address space '/processing_system7_0/Data' at <0x43C0_0000 [ 64K ]>.
Slave segment '/seuil_0/S00_AXI/S00_AXI_reg' is being assigned into address space '/filtre_harris_0/M00_AXI' at <0x43C0_0000 [ 64K ]>.
Slave segment '/source_select_0/S00_AXI/S00_AXI_reg' is being assigned into address space '/processing_system7_0/Data' at <0x43C1_0000 [ 64K ]>.
Slave segment '/source_select_0/S00_AXI/S00_AXI_reg' is being assigned into address space '/filtre_harris_0/M00_AXI' at <0x43C1_0000 [ 64K ]>.
apply_bd_automation -rule xilinx.com:bd_rule:clkrst -config { Clk {/processing_system7_0/FCLK_CLK0 (50 MHz)} Freq {100} Ref_Clk0 {} Ref_Clk1 {} Ref_Clk2 {}}  [get_bd_pins filtre_harris_0/m00_axis_aclk]
INFO: [BD 5-455] Automation on '/filtre_harris_0/s00_axis_aclk' will not be run, since it is obsolete due to previously run automations
INFO: [BD 5-455] Automation on '/luminance_0/m00_axis_aclk' will not be run, since it is obsolete due to previously run automations
apply_bd_automation -rule xilinx.com:bd_rule:clkrst -config { Clk {/processing_system7_0/FCLK_CLK0 (50 MHz)} Freq {100} Ref_Clk0 {} Ref_Clk1 {} Ref_Clk2 {}}  [get_bd_pins luminance_0/s00_axis_aclk]
apply_bd_automation -rule xilinx.com:bd_rule:clkrst -config { Clk {/processing_system7_0/FCLK_CLK0 (50 MHz)} Freq {100} Ref_Clk0 {} Ref_Clk1 {} Ref_Clk2 {}}  [get_bd_pins overlay_0/m00_axis_aclk]
apply_bd_automation -rule xilinx.com:bd_rule:clkrst -config { Clk {/processing_system7_0/FCLK_CLK0 (50 MHz)} Freq {100} Ref_Clk0 {} Ref_Clk1 {} Ref_Clk2 {}}  [get_bd_pins overlay_0/s01_axis_aclk]
INFO: [BD 5-455] Automation on '/seuil_0/m00_axis_aclk' will not be run, since it is obsolete due to previously run automations
INFO: [BD 5-455] Automation on '/seuil_0/s00_axi_aclk' will not be run, since it is obsolete due to previously run automations
INFO: [BD 5-455] Automation on '/seuil_0/s00_axis_aclk' will not be run, since it is obsolete due to previously run automations
endgroup
regenerate_bd_layout
regenerate_bd_layout -routing
regenerate_bd_layout
regenerate_bd_layout
regenerate_bd_layout
update_ip_catalog -rebuild -scan_changes
INFO: [IP_Flow 19-234] Refreshing IP repositories
INFO: [IP_Flow 19-1700] Loaded user IP repository 'c:/Users/Utilisateur/Documents/POEI/Projet_fin/Projet/IP'.
report_ip_status -name ip_status
upgrade_ip -vlnv xilinx.com:user:source_select:1.0 [get_ips  projet_complet_source_select_0_0] -log ip_upgrade.log
Upgrading 'C:/Users/Utilisateur/Documents/POEI/Projet_fin/Projet/PL/projet_SoC_tracking.srcs/sources_1/bd/projet_complet/projet_complet.bd'
INFO: [IP_Flow 19-3422] Upgraded projet_complet_source_select_0_0 (source_select_v1.0 1.0) from revision 1 to revision 2
WARNING: [IP_Flow 19-4697] Upgrade has added interface 'M01_AXIS' (xilinx.com:interface:axis:1.0)
WARNING: [IP_Flow 19-3670] Detected external interface differences while upgrading 'projet_complet_source_select_0_0'.
CRITICAL WARNING: [Coretcl 2-1279] The upgrade of 'projet_complet_source_select_0_0' has identified issues that may require user intervention. Please review the upgrade log 'c:/Users/Utilisateur/Documents/POEI/Projet_fin/Projet/PL/ip_upgrade.log', and verify that the upgraded IP is correctly configured.
Wrote  : <C:\Users\Utilisateur\Documents\POEI\Projet_fin\Projet\PL\projet_SoC_tracking.srcs\sources_1\bd\projet_complet\projet_complet.bd> 
Wrote  : <C:/Users/Utilisateur/Documents/POEI/Projet_fin/Projet/PL/projet_SoC_tracking.srcs/sources_1/bd/projet_complet/ui/bd_36a1ff99.ui> 
INFO: [Coretcl 2-1525] Wrote upgrade log to 'C:/Users/Utilisateur/Documents/POEI/Projet_fin/Projet/PL/ip_upgrade.log'.
export_ip_user_files -of_objects [get_ips projet_complet_source_select_0_0] -no_script -sync -force -quiet
connect_bd_intf_net [get_bd_intf_pins source_select_0/M01_AXIS] [get_bd_intf_pins overlay_0/S00_AXIS]
apply_bd_automation -rule xilinx.com:bd_rule:clkrst -config { Clk {/processing_system7_0/FCLK_CLK0 (50 MHz)} Freq {100} Ref_Clk0 {} Ref_Clk1 {} Ref_Clk2 {}}  [get_bd_pins overlay_0/s00_axis_aclk]
report_ip_status -name ip_status 
regenerate_bd_layout -routing
regenerate_bd_layout
regenerate_bd_layout -routing
regenerate_bd_layout
regenerate_bd_layout
regenerate_bd_layout -routing
regenerate_bd_layout
startgroup
create_bd_cell -type ip -vlnv xilinx.com:ip:axis_switch:1.1 axis_switch_0
endgroup
set_property -dict [list CONFIG.NUM_SI {2} CONFIG.NUM_MI {2} CONFIG.ROUTING_MODE {1} CONFIG.DECODER_REG {1}] [get_bd_cells axis_switch_0]
delete_bd_objs [get_bd_intf_nets source_select_0_M01_AXIS] [get_bd_intf_nets TGP_0_M00_AXIS] [get_bd_intf_nets source_select_0_M00_AXIS] [get_bd_intf_nets axi_interconnect_0_M00_AXI] [get_bd_cells source_select_0]
set_property location {6 1879 819} [get_bd_cells axis_switch_0]
connect_bd_intf_net [get_bd_intf_pins TGP_0/M00_AXIS] [get_bd_intf_pins axis_switch_0/S00_AXIS]
connect_bd_intf_net [get_bd_intf_pins axis_switch_0/M00_AXIS] [get_bd_intf_pins overlay_0/S00_AXIS]
apply_bd_automation -rule xilinx.com:bd_rule:axi4 -config { Clk_master {/processing_system7_0/FCLK_CLK0 (50 MHz)} Clk_slave {Auto} Clk_xbar {/processing_system7_0/FCLK_CLK0 (50 MHz)} Master {/processing_system7_0/M_AXI_GP0} Slave {/axis_switch_0/S_AXI_CTRL} ddr_seg {Auto} intc_ip {/axi_interconnect_0} master_apm {0}}  [get_bd_intf_pins axis_switch_0/S_AXI_CTRL]
Slave segment '/axis_switch_0/S_AXI_CTRL/Reg' is being assigned into address space '/processing_system7_0/Data' at <0x43C1_0000 [ 64K ]>.
Slave segment '/axis_switch_0/S_AXI_CTRL/Reg' is being assigned into address space '/filtre_harris_0/M00_AXI' at <0x43C1_0000 [ 64K ]>.
WARNING: [IP_Flow 19-4318] IP-XACT file does not exist: c:/Users/Utilisateur/Documents/POEI/Projet_fin/Projet/IP/source_select/source_select_1.0/component.xml. It will be created.
update_ip_catalog -rebuild -scan_changes
INFO: [IP_Flow 19-234] Refreshing IP repositories
INFO: [IP_Flow 19-1700] Loaded user IP repository 'c:/Users/Utilisateur/Documents/POEI/Projet_fin/Projet/IP'.
report_ip_status -name ip_status
connect_bd_intf_net [get_bd_intf_pins luminance_0/S00_AXIS] [get_bd_intf_pins axis_switch_0/M01_AXIS]
startgroup
create_bd_cell -type ip -vlnv xilinx.com:ip:axis_combiner:1.1 axis_combiner_0
endgroup
set_property location {3 671 313} [get_bd_cells axis_combiner_0]
delete_bd_objs [get_bd_cells axis_combiner_0]
report_ip_status -name ip_status 
save_bd_design
Wrote  : <C:\Users\Utilisateur\Documents\POEI\Projet_fin\Projet\PL\projet_SoC_tracking.srcs\sources_1\bd\projet_complet\projet_complet.bd> 
Wrote  : <C:/Users/Utilisateur/Documents/POEI/Projet_fin/Projet/PL/projet_SoC_tracking.srcs/sources_1/bd/projet_complet/ui/bd_36a1ff99.ui> 
startgroup
create_bd_cell -type ip -vlnv xilinx.com:ip:v_tpg:8.1 v_tpg_0
endgroup
set_property location {3 839 22} [get_bd_cells v_tpg_0]
set_property location {2.5 693 56} [get_bd_cells v_tpg_0]
apply_bd_automation -rule xilinx.com:bd_rule:axi4 -config { Clk_master {/processing_system7_0/FCLK_CLK0 (50 MHz)} Clk_slave {Auto} Clk_xbar {/processing_system7_0/FCLK_CLK0 (50 MHz)} Master {/processing_system7_0/M_AXI_GP0} Slave {/v_tpg_0/s_axi_CTRL} ddr_seg {Auto} intc_ip {/axi_interconnect_0} master_apm {0}}  [get_bd_intf_pins v_tpg_0/s_axi_CTRL]
Slave segment '/v_tpg_0/s_axi_CTRL/Reg' is being assigned into address space '/processing_system7_0/Data' at <0x43C2_0000 [ 64K ]>.
Slave segment '/v_tpg_0/s_axi_CTRL/Reg' is being assigned into address space '/filtre_harris_0/M00_AXI' at <0x43C2_0000 [ 64K ]>.
startgroup
set_property -dict [list CONFIG.MAX_COLS {640} CONFIG.MAX_ROWS {480} CONFIG.HAS_AXI4S_SLAVE {0} CONFIG.HAS_AXI4_YUV422_YUV420 {0}] [get_bd_cells v_tpg_0]
endgroup
set_property location {3 640 58} [get_bd_cells v_tpg_0]
set_property location {3 650 51} [get_bd_cells v_tpg_0]
save_bd_design
Wrote  : <C:\Users\Utilisateur\Documents\POEI\Projet_fin\Projet\PL\projet_SoC_tracking.srcs\sources_1\bd\projet_complet\projet_complet.bd> 
Wrote  : <C:/Users/Utilisateur/Documents/POEI/Projet_fin/Projet/PL/projet_SoC_tracking.srcs/sources_1/bd/projet_complet/ui/bd_36a1ff99.ui> 
exit
INFO: [Common 17-206] Exiting Vivado at Thu Sep 10 17:13:40 2026...
