#-----------------------------------------------------------
# Vivado v2020.2 (64-bit)
# SW Build 3064766 on Wed Nov 18 09:12:45 MST 2020
# IP Build 3064653 on Wed Nov 18 14:17:31 MST 2020
# Start of session at: Wed Sep 30 14:35:19 2026
# Process ID: 8984
# Current directory: C:/Users/Utilisateur/Documents/POEI/Projet_fin/Projet/PL
# Command line: vivado.exe -gui_launcher_event rodinguilauncherevent3624 C:\Users\Utilisateur\Documents\POEI\Projet_fin\Projet\PL\projet_SoC_tracking.xpr
# Log file: C:/Users/Utilisateur/Documents/POEI/Projet_fin/Projet/PL/vivado.log
# Journal file: C:/Users/Utilisateur/Documents/POEI/Projet_fin/Projet/PL\vivado.jou
#-----------------------------------------------------------
start_gui
open_project C:/Users/Utilisateur/Documents/POEI/Projet_fin/Projet/PL/projet_SoC_tracking.xpr
Scanning sources...
Finished scanning sources
INFO: [IP_Flow 19-234] Refreshing IP repositories
INFO: [IP_Flow 19-1700] Loaded user IP repository 'c:/Users/Utilisateur/Documents/POEI/Projet_fin/Projet/IP'.
INFO: [IP_Flow 19-2313] Loaded Vivado IP repository 'C:/Xilinx/Vivado/2020.2/data/ip'.
WARNING: [BD 41-1661] One or more IPs have been locked in the design 'projet_complet.bd'. Please run report_ip_status for more details and recommendations on how to fix this issue.
List of locked IPs:
projet_complet_PMODVGA_0_0
projet_complet_TGP_0_0

open_project: Time (s): cpu = 00:00:11 ; elapsed = 00:00:06 . Memory (MB): peak = 1014.824 ; gain = 0.000
update_compile_order -fileset sources_1
open_bd_design {C:/Users/Utilisateur/Documents/POEI/Projet_fin/Projet/PL/projet_SoC_tracking.srcs/sources_1/bd/projet_complet/projet_complet.bd}
Reading block design file <C:/Users/Utilisateur/Documents/POEI/Projet_fin/Projet/PL/projet_SoC_tracking.srcs/sources_1/bd/projet_complet/projet_complet.bd>...
Adding component instance block -- xilinx.com:ip:processing_system7:5.5 - processing_system7_0
Adding component instance block -- xilinx.com:user:PMODVGA:1.0 - PMODVGA_0
Adding component instance block -- xilinx.com:user:TGP:1.0 - TGP_0
Adding component instance block -- xilinx.com:ip:clk_wiz:6.0 - clk_wiz_0
Adding component instance block -- xilinx.com:ip:axi_interconnect:2.1 - axi_interconnect_0
Adding component instance block -- xilinx.com:ip:axi_crossbar:2.1 - xbar
Adding component instance block -- xilinx.com:ip:proc_sys_reset:5.0 - rst_ps7_0_50M
Adding component instance block -- xilinx.com:user:filtre_gaussien:1.0 - filtre_gaussien_0
Adding component instance block -- xilinx.com:user:filtre_harris:1.0 - filtre_harris_0
Adding component instance block -- xilinx.com:user:seuil:1.0 - seuil_0
Adding component instance block -- xilinx.com:user:luminance:1.0 - luminance_0
Adding component instance block -- xilinx.com:user:overlay:1.0 - overlay_0
Adding component instance block -- xilinx.com:ip:axis_switch:1.1 - axis_switch_0
Adding component instance block -- xilinx.com:ip:v_tpg:8.1 - v_tpg_0
Successfully read diagram <projet_complet> from block design file <C:/Users/Utilisateur/Documents/POEI/Projet_fin/Projet/PL/projet_SoC_tracking.srcs/sources_1/bd/projet_complet/projet_complet.bd>
open_bd_design: Time (s): cpu = 00:00:12 ; elapsed = 00:00:07 . Memory (MB): peak = 1014.824 ; gain = 0.000
WARNING: [IP_Flow 19-474] Invalid Parameter 'Component_Name'
WARNING: [IP_Flow 19-474] Invalid Parameter 'Component_Name'
delete_bd_objs [get_bd_intf_nets axi_interconnect_0_M02_AXI] [get_bd_cells v_tpg_0]
save_bd_design
Wrote  : <C:\Users\Utilisateur\Documents\POEI\Projet_fin\Projet\PL\projet_SoC_tracking.srcs\sources_1\bd\projet_complet\projet_complet.bd> 
Wrote  : <C:/Users/Utilisateur/Documents/POEI/Projet_fin/Projet/PL/projet_SoC_tracking.srcs/sources_1/bd/projet_complet/ui/bd_36a1ff99.ui> 
exit
INFO: [Common 17-206] Exiting Vivado at Wed Sep 30 15:10:57 2026...
