Copyright 1986-2020 Xilinx, Inc. All Rights Reserved.
------------------------------------------------------------------------------------
| Tool Version : Vivado v.2020.2 (win64) Build 3064766 Wed Nov 18 09:12:45 MST 2020
| Date         : Mon Oct  5 12:06:58 2026
| Host         : NathanPC running 64-bit major release  (build 9200)
| Command      : upgrade_ip
| Device       : xc7z010clg400-1
------------------------------------------------------------------------------------

Upgrade Log for IP 'design_1_PMODVGA_0_2'

1. Summary
----------

SUCCESS in the upgrade of design_1_PMODVGA_0_2 (xilinx.com:user:PMODVGA:1.1) from (Rev. 41) to (Rev. 42)






Copyright 1986-2020 Xilinx, Inc. All Rights Reserved.
------------------------------------------------------------------------------------
| Tool Version : Vivado v.2020.2 (win64) Build 3064766 Wed Nov 18 09:12:45 MST 2020
| Date         : Mon Oct  5 12:03:48 2026
| Host         : NathanPC running 64-bit major release  (build 9200)
| Command      : upgrade_ip
| Device       : xc7z010clg400-1
------------------------------------------------------------------------------------

Upgrade Log for IP 'design_1_PMODVGA_0_2'

1. Summary
----------

SUCCESS in the upgrade of design_1_PMODVGA_0_2 (xilinx.com:user:PMODVGA:1.1) from (Rev. 40) to (Rev. 41)






Copyright 1986-2020 Xilinx, Inc. All Rights Reserved.
------------------------------------------------------------------------------------
| Tool Version : Vivado v.2020.2 (win64) Build 3064766 Wed Nov 18 09:12:45 MST 2020
| Date         : Mon Oct  5 11:50:39 2026
| Host         : NathanPC running 64-bit major release  (build 9200)
| Command      : upgrade_ip
| Device       : xc7z010clg400-1
------------------------------------------------------------------------------------

Upgrade Log for IP 'design_1_PMODVGA_0_2'

1. Summary
----------

SUCCESS in the upgrade of design_1_PMODVGA_0_2 (xilinx.com:user:PMODVGA:1.1) from (Rev. 39) to (Rev. 40)






Copyright 1986-2020 Xilinx, Inc. All Rights Reserved.
------------------------------------------------------------------------------------
| Tool Version : Vivado v.2020.2 (win64) Build 3064766 Wed Nov 18 09:12:45 MST 2020
| Date         : Mon Oct  5 11:40:22 2026
| Host         : NathanPC running 64-bit major release  (build 9200)
| Command      : upgrade_ip
| Device       : xc7z010clg400-1
------------------------------------------------------------------------------------

Upgrade Log for IP 'design_1_PMODVGA_0_2'

1. Summary
----------

SUCCESS in the upgrade of design_1_PMODVGA_0_2 (xilinx.com:user:PMODVGA:1.1) from (Rev. 37) to (Rev. 39)






Copyright 1986-2020 Xilinx, Inc. All Rights Reserved.
------------------------------------------------------------------------------------
| Tool Version : Vivado v.2020.2 (win64) Build 3064766 Wed Nov 18 09:12:45 MST 2020
| Date         : Mon Oct  5 11:36:48 2026
| Host         : NathanPC running 64-bit major release  (build 9200)
| Command      : upgrade_ip
| Device       : xc7z010clg400-1
------------------------------------------------------------------------------------

Upgrade Log for IP 'design_1_PMODVGA_0_2'

1. Summary
----------

SUCCESS in the upgrade of design_1_PMODVGA_0_2 (xilinx.com:user:PMODVGA:1.1) from (Rev. 36) to (Rev. 37)






Copyright 1986-2020 Xilinx, Inc. All Rights Reserved.
------------------------------------------------------------------------------------
| Tool Version : Vivado v.2020.2 (win64) Build 3064766 Wed Nov 18 09:12:45 MST 2020
| Date         : Mon Oct  5 11:30:25 2026
| Host         : NathanPC running 64-bit major release  (build 9200)
| Command      : upgrade_ip
| Device       : xc7z010clg400-1
------------------------------------------------------------------------------------

Upgrade Log for IP 'design_1_PMODVGA_0_2'

1. Summary
----------

SUCCESS in the upgrade of design_1_PMODVGA_0_2 (xilinx.com:user:PMODVGA:1.1) from (Rev. 35) to (Rev. 36)






Copyright 1986-2020 Xilinx, Inc. All Rights Reserved.
------------------------------------------------------------------------------------
| Tool Version : Vivado v.2020.2 (win64) Build 3064766 Wed Nov 18 09:12:45 MST 2020
| Date         : Mon Oct  5 11:27:15 2026
| Host         : NathanPC running 64-bit major release  (build 9200)
| Command      : upgrade_ip
| Device       : xc7z010clg400-1
------------------------------------------------------------------------------------

Upgrade Log for IP 'design_1_PMODVGA_0_2'

1. Summary
----------

SUCCESS in the upgrade of design_1_PMODVGA_0_2 (xilinx.com:user:PMODVGA:1.1) from (Rev. 34) to (Rev. 35)






Copyright 1986-2020 Xilinx, Inc. All Rights Reserved.
------------------------------------------------------------------------------------
| Tool Version : Vivado v.2020.2 (win64) Build 3064766 Wed Nov 18 09:12:45 MST 2020
| Date         : Mon Oct  5 11:20:59 2026
| Host         : NathanPC running 64-bit major release  (build 9200)
| Command      : upgrade_ip
| Device       : xc7z010clg400-1
------------------------------------------------------------------------------------

Upgrade Log for IP 'design_1_PMODVGA_0_2'

1. Summary
----------

SUCCESS in the upgrade of design_1_PMODVGA_0_2 (xilinx.com:user:PMODVGA:1.1) from (Rev. 33) to (Rev. 34)






Copyright 1986-2020 Xilinx, Inc. All Rights Reserved.
------------------------------------------------------------------------------------
| Tool Version : Vivado v.2020.2 (win64) Build 3064766 Wed Nov 18 09:12:45 MST 2020
| Date         : Mon Oct  5 11:16:54 2026
| Host         : NathanPC running 64-bit major release  (build 9200)
| Command      : upgrade_ip
| Device       : xc7z010clg400-1
------------------------------------------------------------------------------------

Upgrade Log for IP 'design_1_PMODVGA_0_2'

1. Summary
----------

SUCCESS in the upgrade of design_1_PMODVGA_0_2 (xilinx.com:user:PMODVGA:1.1) from (Rev. 32) to (Rev. 33)






Copyright 1986-2020 Xilinx, Inc. All Rights Reserved.
------------------------------------------------------------------------------------
| Tool Version : Vivado v.2020.2 (win64) Build 3064766 Wed Nov 18 09:12:45 MST 2020
| Date         : Mon Oct  5 11:13:14 2026
| Host         : NathanPC running 64-bit major release  (build 9200)
| Command      : upgrade_ip
| Device       : xc7z010clg400-1
------------------------------------------------------------------------------------

Upgrade Log for IP 'design_1_PMODVGA_0_2'

1. Summary
----------

SUCCESS in the upgrade of design_1_PMODVGA_0_2 (xilinx.com:user:PMODVGA:1.1) from (Rev. 31) to (Rev. 32)






Copyright 1986-2020 Xilinx, Inc. All Rights Reserved.
------------------------------------------------------------------------------------
| Tool Version : Vivado v.2020.2 (win64) Build 3064766 Wed Nov 18 09:12:45 MST 2020
| Date         : Mon Oct  5 11:01:48 2026
| Host         : NathanPC running 64-bit major release  (build 9200)
| Command      : upgrade_ip
| Device       : xc7z010clg400-1
------------------------------------------------------------------------------------

Upgrade Log for IP 'design_1_PMODVGA_0_2'

1. Summary
----------

SUCCESS in the upgrade of design_1_PMODVGA_0_2 (xilinx.com:user:PMODVGA:1.1) from (Rev. 30) to (Rev. 31)






Copyright 1986-2020 Xilinx, Inc. All Rights Reserved.
------------------------------------------------------------------------------------
| Tool Version : Vivado v.2020.2 (win64) Build 3064766 Wed Nov 18 09:12:45 MST 2020
| Date         : Mon Oct  5 10:56:02 2026
| Host         : NathanPC running 64-bit major release  (build 9200)
| Command      : upgrade_ip
| Device       : xc7z010clg400-1
------------------------------------------------------------------------------------

Upgrade Log for IP 'design_1_PMODVGA_0_2'

1. Summary
----------

SUCCESS in the upgrade of design_1_PMODVGA_0_2 (xilinx.com:user:PMODVGA:1.1) from (Rev. 27) to (Rev. 30)






Copyright 1986-2020 Xilinx, Inc. All Rights Reserved.
------------------------------------------------------------------------------------
| Tool Version : Vivado v.2020.2 (win64) Build 3064766 Wed Nov 18 09:12:45 MST 2020
| Date         : Mon Oct  5 10:46:09 2026
| Host         : NathanPC running 64-bit major release  (build 9200)
| Command      : upgrade_ip
| Device       : xc7z010clg400-1
------------------------------------------------------------------------------------

Upgrade Log for IP 'design_1_PMODVGA_0_2'

1. Summary
----------

SUCCESS in the upgrade of design_1_PMODVGA_0_2 from xilinx.com:user:PMODVGA:1.0 (Rev. 27) to xilinx.com:user:PMODVGA:1.1 (Rev. 27)






Copyright 1986-2020 Xilinx, Inc. All Rights Reserved.
------------------------------------------------------------------------------------
| Tool Version : Vivado v.2020.2 (win64) Build 3064766 Wed Nov 18 09:12:45 MST 2020
| Date         : Wed Sep 30 13:01:36 2026
| Host         : NathanPC running 64-bit major release  (build 9200)
| Command      : upgrade_ip
| Device       : xc7z010clg400-1
------------------------------------------------------------------------------------

Upgrade Log for IP 'design_1_PMODVGA_0_2'

1. Summary
----------

SUCCESS in the conversion of design_1_PMODVGA_0_2 (xilinx.com:user:PMODVGA:1.0 (Rev. 27)) to Vivado generation flows.






Copyright 1986-2020 Xilinx, Inc. All Rights Reserved.
------------------------------------------------------------------------------------
| Tool Version : Vivado v.2020.2 (win64) Build 3064766 Wed Nov 18 09:12:45 MST 2020
| Date         : Wed Sep 30 13:01:01 2026
| Host         : NathanPC running 64-bit major release  (build 9200)
| Command      : upgrade_ip
| Device       : xc7z010clg400-1
------------------------------------------------------------------------------------

Upgrade Log for IP 'design_1_PMODVGA_0_2'

1. Summary
----------

SUCCESS in the upgrade of design_1_PMODVGA_0_2 (xilinx.com:user:PMODVGA:1.0) from (Rev. 26) to (Rev. 27)






Copyright 1986-2020 Xilinx, Inc. All Rights Reserved.
------------------------------------------------------------------------------------
| Tool Version : Vivado v.2020.2 (win64) Build 3064766 Wed Nov 18 09:12:45 MST 2020
| Date         : Wed Sep 30 13:00:48 2026
| Host         : NathanPC running 64-bit major release  (build 9200)
| Command      : upgrade_ip
| Device       : xc7z010clg400-1
------------------------------------------------------------------------------------

Upgrade Log for IP 'design_1_TGP_1_0'

1. Summary
----------

SUCCESS in the upgrade of design_1_TGP_1_0 (xilinx.com:user:TGP:1.0) from (Rev. 11) to (Rev. 12)






Copyright 1986-2020 Xilinx, Inc. All Rights Reserved.
------------------------------------------------------------------------------------
| Tool Version : Vivado v.2020.2 (win64) Build 3064766 Wed Nov 18 09:12:45 MST 2020
| Date         : Wed Sep 30 12:54:09 2026
| Host         : NathanPC running 64-bit major release  (build 9200)
| Command      : upgrade_ip
| Device       : xc7z010clg400-1
------------------------------------------------------------------------------------

Upgrade Log for IP 'design_1_TGP_1_0'

1. Summary
----------

SUCCESS in the conversion of design_1_TGP_1_0 (xilinx.com:user:TGP:1.0 (Rev. 11)) to Vivado generation flows.






Copyright 1986-2020 Xilinx, Inc. All Rights Reserved.
------------------------------------------------------------------------------------
| Tool Version : Vivado v.2020.2 (win64) Build 3064766 Wed Nov 18 09:12:45 MST 2020
| Date         : Wed Sep 30 12:34:12 2026
| Host         : NathanPC running 64-bit major release  (build 9200)
| Command      : upgrade_ip
| Device       : xc7z010clg400-1
------------------------------------------------------------------------------------

Upgrade Log for IP 'design_1_PMODVGA_0_2'

1. Summary
----------

SUCCESS in the upgrade of design_1_PMODVGA_0_2 (xilinx.com:user:PMODVGA:1.0) from (Rev. 25) to (Rev. 26)






Copyright 1986-2020 Xilinx, Inc. All Rights Reserved.
------------------------------------------------------------------------------------
| Tool Version : Vivado v.2020.2 (win64) Build 3064766 Wed Nov 18 09:12:45 MST 2020
| Date         : Wed Sep 30 12:24:28 2026
| Host         : NathanPC running 64-bit major release  (build 9200)
| Command      : upgrade_ip
| Device       : xc7z010clg400-1
------------------------------------------------------------------------------------

Upgrade Log for IP 'design_1_PMODVGA_0_2'

1. Summary
----------

SUCCESS in the conversion of design_1_PMODVGA_0_2 (xilinx.com:user:PMODVGA:1.0 (Rev. 25)) to Vivado generation flows.






Copyright 1986-2020 Xilinx, Inc. All Rights Reserved.
------------------------------------------------------------------------------------
| Tool Version : Vivado v.2020.2 (win64) Build 3064766 Wed Nov 18 09:12:45 MST 2020
| Date         : Wed Sep 30 10:55:43 2026
| Host         : NathanPC running 64-bit major release  (build 9200)
| Command      : upgrade_ip
| Device       : xc7z010clg400-1
------------------------------------------------------------------------------------

Upgrade Log for IP 'design_1_PMODVGA_0_2'

1. Summary
----------

SUCCESS in the upgrade of design_1_PMODVGA_0_2 (xilinx.com:user:PMODVGA:1.0) from (Rev. 24) to (Rev. 25)






Copyright 1986-2020 Xilinx, Inc. All Rights Reserved.
------------------------------------------------------------------------------------
| Tool Version : Vivado v.2020.2 (win64) Build 3064766 Wed Nov 18 09:12:45 MST 2020
| Date         : Wed Sep 30 10:48:05 2026
| Host         : NathanPC running 64-bit major release  (build 9200)
| Command      : upgrade_ip
| Device       : xc7z010clg400-1
------------------------------------------------------------------------------------

Upgrade Log for IP 'design_1_PMODVGA_0_2'

1. Summary
----------

SUCCESS in the upgrade of design_1_PMODVGA_0_2 (xilinx.com:user:PMODVGA:1.0) from (Rev. 23) to (Rev. 24)






Copyright 1986-2020 Xilinx, Inc. All Rights Reserved.
------------------------------------------------------------------------------------
| Tool Version : Vivado v.2020.2 (win64) Build 3064766 Wed Nov 18 09:12:45 MST 2020
| Date         : Wed Sep 30 10:41:32 2026
| Host         : NathanPC running 64-bit major release  (build 9200)
| Command      : upgrade_ip
| Device       : xc7z010clg400-1
------------------------------------------------------------------------------------

Upgrade Log for IP 'design_1_PMODVGA_0_2'

1. Summary
----------

SUCCESS in the upgrade of design_1_PMODVGA_0_2 (xilinx.com:user:PMODVGA:1.0) from (Rev. 22) to (Rev. 23)






Copyright 1986-2020 Xilinx, Inc. All Rights Reserved.
------------------------------------------------------------------------------------
| Tool Version : Vivado v.2020.2 (win64) Build 3064766 Wed Nov 18 09:12:45 MST 2020
| Date         : Wed Sep 30 10:34:54 2026
| Host         : NathanPC running 64-bit major release  (build 9200)
| Command      : upgrade_ip
| Device       : xc7z010clg400-1
------------------------------------------------------------------------------------

Upgrade Log for IP 'design_1_TGP_1_0'

1. Summary
----------

SUCCESS in the upgrade of design_1_TGP_1_0 (xilinx.com:user:TGP:1.0) from (Rev. 10) to (Rev. 11)






Copyright 1986-2020 Xilinx, Inc. All Rights Reserved.
------------------------------------------------------------------------------------
| Tool Version : Vivado v.2020.2 (win64) Build 3064766 Wed Nov 18 09:12:45 MST 2020
| Date         : Tue Sep 29 17:32:00 2026
| Host         : NathanPC running 64-bit major release  (build 9200)
| Command      : upgrade_ip
| Device       : xc7z010clg400-1
------------------------------------------------------------------------------------

Upgrade Log for IP 'design_1_PMODVGA_0_2'

1. Summary
----------

SUCCESS in the upgrade of design_1_PMODVGA_0_2 (xilinx.com:user:PMODVGA:1.0) from (Rev. 21) to (Rev. 22)






Copyright 1986-2020 Xilinx, Inc. All Rights Reserved.
------------------------------------------------------------------------------------
| Tool Version : Vivado v.2020.2 (win64) Build 3064766 Wed Nov 18 09:12:45 MST 2020
| Date         : Tue Sep 29 17:27:15 2026
| Host         : NathanPC running 64-bit major release  (build 9200)
| Command      : upgrade_ip
| Device       : xc7z010clg400-1
------------------------------------------------------------------------------------

Upgrade Log for IP 'design_1_TGP_1_0'

1. Summary
----------

SUCCESS in the upgrade of design_1_TGP_1_0 (xilinx.com:user:TGP:1.0) from (Rev. 9) to (Rev. 10)






Copyright 1986-2020 Xilinx, Inc. All Rights Reserved.
------------------------------------------------------------------------------------
| Tool Version : Vivado v.2020.2 (win64) Build 3064766 Wed Nov 18 09:12:45 MST 2020
| Date         : Tue Sep 29 17:22:08 2026
| Host         : NathanPC running 64-bit major release  (build 9200)
| Command      : upgrade_ip
| Device       : xc7z010clg400-1
------------------------------------------------------------------------------------

Upgrade Log for IP 'design_1_TGP_1_0'

1. Summary
----------

SUCCESS in the upgrade of design_1_TGP_1_0 (xilinx.com:user:TGP:1.0) from (Rev. 8) to (Rev. 9)






Copyright 1986-2020 Xilinx, Inc. All Rights Reserved.
------------------------------------------------------------------------------------
| Tool Version : Vivado v.2020.2 (win64) Build 3064766 Wed Nov 18 09:12:45 MST 2020
| Date         : Tue Sep 29 17:17:49 2026
| Host         : NathanPC running 64-bit major release  (build 9200)
| Command      : upgrade_ip
| Device       : xc7z010clg400-1
------------------------------------------------------------------------------------

Upgrade Log for IP 'design_1_PMODVGA_0_2'

1. Summary
----------

SUCCESS in the upgrade of design_1_PMODVGA_0_2 (xilinx.com:user:PMODVGA:1.0) from (Rev. 20) to (Rev. 21)






Copyright 1986-2020 Xilinx, Inc. All Rights Reserved.
------------------------------------------------------------------------------------
| Tool Version : Vivado v.2020.2 (win64) Build 3064766 Wed Nov 18 09:12:45 MST 2020
| Date         : Tue Sep 29 17:07:39 2026
| Host         : NathanPC running 64-bit major release  (build 9200)
| Command      : upgrade_ip
| Device       : xc7z010clg400-1
------------------------------------------------------------------------------------

Upgrade Log for IP 'design_1_PMODVGA_0_2'

1. Summary
----------

SUCCESS in the upgrade of design_1_PMODVGA_0_2 (xilinx.com:user:PMODVGA:1.0) from (Rev. 19) to (Rev. 20)






Copyright 1986-2020 Xilinx, Inc. All Rights Reserved.
------------------------------------------------------------------------------------
| Tool Version : Vivado v.2020.2 (win64) Build 3064766 Wed Nov 18 09:12:45 MST 2020
| Date         : Tue Sep 29 17:01:18 2026
| Host         : NathanPC running 64-bit major release  (build 9200)
| Command      : upgrade_ip
| Device       : xc7z010clg400-1
------------------------------------------------------------------------------------

Upgrade Log for IP 'design_1_TGP_1_0'

1. Summary
----------

SUCCESS in the upgrade of design_1_TGP_1_0 (xilinx.com:user:TGP:1.0) from (Rev. 7) to (Rev. 8)






Copyright 1986-2020 Xilinx, Inc. All Rights Reserved.
------------------------------------------------------------------------------------
| Tool Version : Vivado v.2020.2 (win64) Build 3064766 Wed Nov 18 09:12:45 MST 2020
| Date         : Tue Sep 29 17:01:18 2026
| Host         : NathanPC running 64-bit major release  (build 9200)
| Command      : upgrade_ip
| Device       : xc7z010clg400-1
------------------------------------------------------------------------------------

Upgrade Log for IP 'design_1_PMODVGA_0_2'

1. Summary
----------

SUCCESS in the upgrade of design_1_PMODVGA_0_2 (xilinx.com:user:PMODVGA:1.0) from (Rev. 18) to (Rev. 19)






Copyright 1986-2020 Xilinx, Inc. All Rights Reserved.
------------------------------------------------------------------------------------
| Tool Version : Vivado v.2020.2 (win64) Build 3064766 Wed Nov 18 09:12:45 MST 2020
| Date         : Tue Sep 29 16:54:55 2026
| Host         : NathanPC running 64-bit major release  (build 9200)
| Command      : upgrade_ip
| Device       : xc7z010clg400-1
------------------------------------------------------------------------------------

Upgrade Log for IP 'design_1_TGP_1_0'

1. Summary
----------

SUCCESS in the upgrade of design_1_TGP_1_0 (xilinx.com:user:TGP:1.0) from (Rev. 6) to (Rev. 7)






Copyright 1986-2020 Xilinx, Inc. All Rights Reserved.
------------------------------------------------------------------------------------
| Tool Version : Vivado v.2020.2 (win64) Build 3064766 Wed Nov 18 09:12:45 MST 2020
| Date         : Tue Sep 29 16:54:55 2026
| Host         : NathanPC running 64-bit major release  (build 9200)
| Command      : upgrade_ip
| Device       : xc7z010clg400-1
------------------------------------------------------------------------------------

Upgrade Log for IP 'design_1_PMODVGA_0_2'

1. Summary
----------

SUCCESS in the upgrade of design_1_PMODVGA_0_2 (xilinx.com:user:PMODVGA:1.0) from (Rev. 17) to (Rev. 18)






Copyright 1986-2020 Xilinx, Inc. All Rights Reserved.
------------------------------------------------------------------------------------
| Tool Version : Vivado v.2020.2 (win64) Build 3064766 Wed Nov 18 09:12:45 MST 2020
| Date         : Tue Sep 29 16:49:58 2026
| Host         : NathanPC running 64-bit major release  (build 9200)
| Command      : upgrade_ip
| Device       : xc7z010clg400-1
------------------------------------------------------------------------------------

Upgrade Log for IP 'design_1_TGP_1_0'

1. Summary
----------

SUCCESS in the upgrade of design_1_TGP_1_0 (xilinx.com:user:TGP:1.0) from (Rev. 5) to (Rev. 6)






Copyright 1986-2020 Xilinx, Inc. All Rights Reserved.
------------------------------------------------------------------------------------
| Tool Version : Vivado v.2020.2 (win64) Build 3064766 Wed Nov 18 09:12:45 MST 2020
| Date         : Tue Sep 29 16:39:52 2026
| Host         : NathanPC running 64-bit major release  (build 9200)
| Command      : upgrade_ip
| Device       : xc7z010clg400-1
------------------------------------------------------------------------------------

Upgrade Log for IP 'design_1_PMODVGA_0_2'

1. Summary
----------

SUCCESS in the upgrade of design_1_PMODVGA_0_2 (xilinx.com:user:PMODVGA:1.0) from (Rev. 16) to (Rev. 17)






Copyright 1986-2020 Xilinx, Inc. All Rights Reserved.
------------------------------------------------------------------------------------
| Tool Version : Vivado v.2020.2 (win64) Build 3064766 Wed Nov 18 09:12:45 MST 2020
| Date         : Tue Sep 29 16:36:41 2026
| Host         : NathanPC running 64-bit major release  (build 9200)
| Command      : upgrade_ip
| Device       : xc7z010clg400-1
------------------------------------------------------------------------------------

Upgrade Log for IP 'design_1_PMODVGA_0_2'

1. Summary
----------

SUCCESS in the upgrade of design_1_PMODVGA_0_2 (xilinx.com:user:PMODVGA:1.0) from (Rev. 15) to (Rev. 16)






Copyright 1986-2020 Xilinx, Inc. All Rights Reserved.
------------------------------------------------------------------------------------
| Tool Version : Vivado v.2020.2 (win64) Build 3064766 Wed Nov 18 09:12:45 MST 2020
| Date         : Tue Sep 29 16:32:13 2026
| Host         : NathanPC running 64-bit major release  (build 9200)
| Command      : upgrade_ip
| Device       : xc7z010clg400-1
------------------------------------------------------------------------------------

Upgrade Log for IP 'design_1_PMODVGA_0_2'

1. Summary
----------

SUCCESS in the upgrade of design_1_PMODVGA_0_2 (xilinx.com:user:PMODVGA:1.0) from (Rev. 14) to (Rev. 15)






Copyright 1986-2020 Xilinx, Inc. All Rights Reserved.
------------------------------------------------------------------------------------
| Tool Version : Vivado v.2020.2 (win64) Build 3064766 Wed Nov 18 09:12:45 MST 2020
| Date         : Tue Sep 29 16:20:24 2026
| Host         : NathanPC running 64-bit major release  (build 9200)
| Command      : upgrade_ip
| Device       : xc7z010clg400-1
------------------------------------------------------------------------------------

Upgrade Log for IP 'design_1_PMODVGA_0_2'

1. Summary
----------

SUCCESS in the upgrade of design_1_PMODVGA_0_2 (xilinx.com:user:PMODVGA:1.0) from (Rev. 13) to (Rev. 14)






Copyright 1986-2020 Xilinx, Inc. All Rights Reserved.
------------------------------------------------------------------------------------
| Tool Version : Vivado v.2020.2 (win64) Build 3064766 Wed Nov 18 09:12:45 MST 2020
| Date         : Tue Sep 29 15:08:06 2026
| Host         : NathanPC running 64-bit major release  (build 9200)
| Command      : upgrade_ip
| Device       : xc7z010clg400-1
------------------------------------------------------------------------------------

Upgrade Log for IP 'design_1_PMODVGA_0_2'

1. Summary
----------

SUCCESS in the conversion of design_1_PMODVGA_0_2 (xilinx.com:user:PMODVGA:1.0 (Rev. 13)) to Vivado generation flows.






Copyright 1986-2020 Xilinx, Inc. All Rights Reserved.
------------------------------------------------------------------------------------
| Tool Version : Vivado v.2020.2 (win64) Build 3064766 Wed Nov 18 09:12:45 MST 2020
| Date         : Tue Sep 29 14:50:36 2026
| Host         : NathanPC running 64-bit major release  (build 9200)
| Command      : upgrade_ip
| Device       : xc7z010clg400-1
------------------------------------------------------------------------------------

Upgrade Log for IP 'design_1_PMODVGA_0_2'

1. Summary
----------

SUCCESS in the upgrade of design_1_PMODVGA_0_2 (xilinx.com:user:PMODVGA:1.0) from (Rev. 12) to (Rev. 13)






Copyright 1986-2020 Xilinx, Inc. All Rights Reserved.
------------------------------------------------------------------------------------
| Tool Version : Vivado v.2020.2 (win64) Build 3064766 Wed Nov 18 09:12:45 MST 2020
| Date         : Tue Sep 29 14:40:19 2026
| Host         : NathanPC running 64-bit major release  (build 9200)
| Command      : upgrade_ip
| Device       : xc7z010clg400-1
------------------------------------------------------------------------------------

Upgrade Log for IP 'design_1_PMODVGA_0_2'

1. Summary
----------

SUCCESS in the upgrade of design_1_PMODVGA_0_2 (xilinx.com:user:PMODVGA:1.0) from (Rev. 11) to (Rev. 12)






Copyright 1986-2020 Xilinx, Inc. All Rights Reserved.
------------------------------------------------------------------------------------
| Tool Version : Vivado v.2020.2 (win64) Build 3064766 Wed Nov 18 09:12:45 MST 2020
| Date         : Tue Sep 29 14:35:50 2026
| Host         : NathanPC running 64-bit major release  (build 9200)
| Command      : upgrade_ip
| Device       : xc7z010clg400-1
------------------------------------------------------------------------------------

Upgrade Log for IP 'design_1_PMODVGA_0_2'

1. Summary
----------

SUCCESS in the upgrade of design_1_PMODVGA_0_2 (xilinx.com:user:PMODVGA:1.0) from (Rev. 10) to (Rev. 11)






Copyright 1986-2020 Xilinx, Inc. All Rights Reserved.
------------------------------------------------------------------------------------
| Tool Version : Vivado v.2020.2 (win64) Build 3064766 Wed Nov 18 09:12:45 MST 2020
| Date         : Tue Sep 29 14:31:37 2026
| Host         : NathanPC running 64-bit major release  (build 9200)
| Command      : upgrade_ip
| Device       : xc7z010clg400-1
------------------------------------------------------------------------------------

Upgrade Log for IP 'design_1_PMODVGA_0_2'

1. Summary
----------

SUCCESS in the upgrade of design_1_PMODVGA_0_2 (xilinx.com:user:PMODVGA:1.0) from (Rev. 9) to (Rev. 10)






Copyright 1986-2020 Xilinx, Inc. All Rights Reserved.
------------------------------------------------------------------------------------
| Tool Version : Vivado v.2020.2 (win64) Build 3064766 Wed Nov 18 09:12:45 MST 2020
| Date         : Tue Sep 29 14:11:04 2026
| Host         : NathanPC running 64-bit major release  (build 9200)
| Command      : upgrade_ip
| Device       : xc7z010clg400-1
------------------------------------------------------------------------------------

Upgrade Log for IP 'design_1_PMODVGA_0_2'

1. Summary
----------

SUCCESS in the upgrade of design_1_PMODVGA_0_2 (xilinx.com:user:PMODVGA:1.0) from (Rev. 7) to (Rev. 9)






Copyright 1986-2020 Xilinx, Inc. All Rights Reserved.
------------------------------------------------------------------------------------
| Tool Version : Vivado v.2020.2 (win64) Build 3064766 Wed Nov 18 09:12:45 MST 2020
| Date         : Tue Sep 29 12:48:15 2026
| Host         : NathanPC running 64-bit major release  (build 9200)
| Command      : upgrade_ip
| Device       : xc7z010clg400-1
------------------------------------------------------------------------------------

Upgrade Log for IP 'design_1_PMODVGA_0_2'

1. Summary
----------

SUCCESS in the upgrade of design_1_PMODVGA_0_2 (xilinx.com:user:PMODVGA:1.0) from (Rev. 6) to (Rev. 7)






Copyright 1986-2020 Xilinx, Inc. All Rights Reserved.
------------------------------------------------------------------------------------
| Tool Version : Vivado v.2020.2 (win64) Build 3064766 Wed Nov 18 09:12:45 MST 2020
| Date         : Tue Sep 29 12:33:17 2026
| Host         : NathanPC running 64-bit major release  (build 9200)
| Command      : upgrade_ip
| Device       : xc7z010clg400-1
------------------------------------------------------------------------------------

Upgrade Log for IP 'design_1_PMODVGA_0_2'

1. Summary
----------

SUCCESS in the upgrade of design_1_PMODVGA_0_2 (xilinx.com:user:PMODVGA:1.0) from (Rev. 5) to (Rev. 6)






Copyright 1986-2020 Xilinx, Inc. All Rights Reserved.
------------------------------------------------------------------------------------
| Tool Version : Vivado v.2020.2 (win64) Build 3064766 Wed Nov 18 09:12:45 MST 2020
| Date         : Thu Sep 17 15:37:49 2026
| Host         : NathanPC running 64-bit major release  (build 9200)
| Command      : upgrade_ip
| Device       : xc7z010clg400-1
------------------------------------------------------------------------------------

Upgrade Log for IP 'design_1_TGP_1_0'

1. Summary
----------

SUCCESS in the upgrade of design_1_TGP_1_0 (xilinx.com:user:TGP:1.0) from (Rev. 3) to (Rev. 5)






Copyright 1986-2020 Xilinx, Inc. All Rights Reserved.
------------------------------------------------------------------------------------
| Tool Version : Vivado v.2020.2 (win64) Build 3064766 Wed Nov 18 09:12:45 MST 2020
| Date         : Thu Sep 10 15:15:16 2026
| Host         : NathanPC running 64-bit major release  (build 9200)
| Command      : upgrade_ip
| Device       : xc7z010clg400-1
------------------------------------------------------------------------------------

Upgrade Log for IP 'design_1_TGP_1_0'

1. Summary
----------

CAUTION (success, with warnings) in the upgrade of design_1_TGP_1_0 (xilinx.com:user:TGP:1.0) from (Rev. 1) to (Rev. 3)

After upgrade, an IP may have parameter and port differences compared to the original customization. Please review the parameters within the IP customization GUI to ensure proper functionality. Also, please review the updated IP instantiation template to ensure proper connectivity, and update your design if required.

2. Connection Warnings
----------------------

Detected external port differences while upgrading 'design_1_TGP_1_0'. These changes may impact your design.


-Upgrade has added port 'CLK_I'







Copyright 1986-2020 Xilinx, Inc. All Rights Reserved.
------------------------------------------------------------------------------------
| Tool Version : Vivado v.2020.2 (win64) Build 3064766 Wed Nov 18 09:12:45 MST 2020
| Date         : Thu Sep 10 15:15:16 2026
| Host         : NathanPC running 64-bit major release  (build 9200)
| Command      : upgrade_ip
| Device       : xc7z010clg400-1
------------------------------------------------------------------------------------

Upgrade Log for IP 'design_1_PMODVGA_0_2'

1. Summary
----------

SUCCESS in the upgrade of design_1_PMODVGA_0_2 (xilinx.com:user:PMODVGA:1.0) from (Rev. 2) to (Rev. 5)

