#-----------------------------------------------------------
# Vivado v2020.2 (64-bit)
# SW Build 3064766 on Wed Nov 18 09:12:45 MST 2020
# IP Build 3064653 on Wed Nov 18 14:17:31 MST 2020
# Start of session at: Wed Sep 30 09:39:21 2026
# Process ID: 5472
# Current directory: C:/Users/Utilisateur/Documents/POEI/Projet_fin/Projet/src/Flux_VGA
# Command line: vivado.exe -gui_launcher_event rodinguilauncherevent31752 C:\Users\Utilisateur\Documents\POEI\Projet_fin\Projet\src\Flux_VGA\Flux_VGA.xpr
# Log file: C:/Users/Utilisateur/Documents/POEI/Projet_fin/Projet/src/Flux_VGA/vivado.log
# Journal file: C:/Users/Utilisateur/Documents/POEI/Projet_fin/Projet/src/Flux_VGA\vivado.jou
#-----------------------------------------------------------
start_gui
open_project C:/Users/Utilisateur/Documents/POEI/Projet_fin/Projet/src/Flux_VGA/Flux_VGA.xpr
WARNING: [filemgmt 56-3] IP Repository Path: Could not find the directory 'C:/Users/Utilisateur/Documents/POEI/Projet_fin/Projet/IP/source_select/source_select_1.0'.
Scanning sources...
Finished scanning sources
INFO: [IP_Flow 19-234] Refreshing IP repositories
WARNING: [IP_Flow 19-3685] Ignored loading user repository 'c:/Users/Utilisateur/Documents/POEI/Projet_fin/Projet/IP/overlay/overlay_1.0'. The path is contained within another repository.
WARNING: [IP_Flow 19-3685] Ignored loading user repository 'c:/Users/Utilisateur/Documents/POEI/Projet_fin/Projet/IP/seuil/seuil_1.0'. The path is contained within another repository.
WARNING: [IP_Flow 19-3685] Ignored loading user repository 'c:/Users/Utilisateur/Documents/POEI/Projet_fin/Projet/IP/filtre_harris/filtre_harris_1.0'. The path is contained within another repository.
WARNING: [IP_Flow 19-3685] Ignored loading user repository 'c:/Users/Utilisateur/Documents/POEI/Projet_fin/Projet/IP/filtre_gaussien/filtre_gaussien_1.0'. The path is contained within another repository.
WARNING: [IP_Flow 19-3685] Ignored loading user repository 'c:/Users/Utilisateur/Documents/POEI/Projet_fin/Projet/IP/luminance/luminance_1.0'. The path is contained within another repository.
WARNING: [IP_Flow 19-3685] Ignored loading user repository 'c:/Users/Utilisateur/Documents/POEI/Projet_fin/Projet/IP/source_select/source_select_1.0'. The path is contained within another repository.
INFO: [IP_Flow 19-1700] Loaded user IP repository 'c:/Users/Utilisateur/Documents/POEI/Projet_fin/Projet/IP'.
INFO: [IP_Flow 19-2313] Loaded Vivado IP repository 'C:/Xilinx/Vivado/2020.2/data/ip'.
open_project: Time (s): cpu = 00:00:23 ; elapsed = 00:00:11 . Memory (MB): peak = 1004.969 ; gain = 0.000
update_compile_order -fileset sources_1
open_bd_design {C:/Users/Utilisateur/Documents/POEI/Projet_fin/Projet/src/Flux_VGA/Flux_VGA.srcs/sources_1/bd/design_1/design_1.bd}
Reading block design file <C:/Users/Utilisateur/Documents/POEI/Projet_fin/Projet/src/Flux_VGA/Flux_VGA.srcs/sources_1/bd/design_1/design_1.bd>...
Adding component instance block -- xilinx.com:ip:clk_wiz:6.0 - clk_wiz_0
Adding component instance block -- xilinx.com:ip:xlconstant:1.1 - xlconstant_0
Adding component instance block -- xilinx.com:user:TGP:1.0 - TGP_1
Adding component instance block -- xilinx.com:user:PMODVGA:1.0 - PMODVGA_0
Successfully read diagram <design_1> from block design file <C:/Users/Utilisateur/Documents/POEI/Projet_fin/Projet/src/Flux_VGA/Flux_VGA.srcs/sources_1/bd/design_1/design_1.bd>
open_bd_design: Time (s): cpu = 00:00:08 ; elapsed = 00:00:06 . Memory (MB): peak = 1004.969 ; gain = 0.000
ipx::edit_ip_in_project -upgrade true -name TGP_v1_0_project -directory C:/Users/Utilisateur/Documents/POEI/Projet_fin/Projet/src/Flux_VGA/Flux_VGA.tmp/TGP_v1_0_project c:/Users/Utilisateur/Documents/POEI/Projet_fin/Projet/IP/TGP/TGP_1.0/component.xml
INFO: [ProjectBase 1-489] The host OS only allows 260 characters in a normal path. The project is stored in a path with more than 80 characters. If you experience issues with IP, Block Designs, or files not being found, please consider moving the project to a location with a shorter path. Alternately consider using the OS subst command to map part of the path to a drive letter.
Current project path is 'c:/users/utilisateur/documents/poei/projet_fin/projet/src/flux_vga/flux_vga.tmp/tgp_v1_0_project'
INFO: [IP_Flow 19-234] Refreshing IP repositories
INFO: [IP_Flow 19-1704] No user IP repositories specified
INFO: [IP_Flow 19-2313] Loaded Vivado IP repository 'C:/Xilinx/Vivado/2020.2/data/ip'.
create_project: Time (s): cpu = 00:00:13 ; elapsed = 00:00:07 . Memory (MB): peak = 1004.969 ; gain = 0.000
INFO: [IP_Flow 19-234] Refreshing IP repositories
WARNING: [IP_Flow 19-3685] Ignored loading user repository 'c:/Users/Utilisateur/Documents/POEI/Projet_fin/Projet/IP/overlay/overlay_1.0'. The path is contained within another repository.
WARNING: [IP_Flow 19-3685] Ignored loading user repository 'c:/Users/Utilisateur/Documents/POEI/Projet_fin/Projet/IP/seuil/seuil_1.0'. The path is contained within another repository.
WARNING: [IP_Flow 19-3685] Ignored loading user repository 'c:/Users/Utilisateur/Documents/POEI/Projet_fin/Projet/IP/filtre_harris/filtre_harris_1.0'. The path is contained within another repository.
WARNING: [IP_Flow 19-3685] Ignored loading user repository 'c:/Users/Utilisateur/Documents/POEI/Projet_fin/Projet/IP/filtre_gaussien/filtre_gaussien_1.0'. The path is contained within another repository.
WARNING: [IP_Flow 19-3685] Ignored loading user repository 'c:/Users/Utilisateur/Documents/POEI/Projet_fin/Projet/IP/luminance/luminance_1.0'. The path is contained within another repository.
WARNING: [IP_Flow 19-3685] Ignored loading user repository 'c:/Users/Utilisateur/Documents/POEI/Projet_fin/Projet/IP/source_select/source_select_1.0'. The path is contained within another repository.
INFO: [IP_Flow 19-1700] Loaded user IP repository 'c:/Users/Utilisateur/Documents/POEI/Projet_fin/Projet/IP'.
INFO: [IP_Flow 19-795] Syncing license key meta-data
ipx::edit_ip_in_project: Time (s): cpu = 00:00:16 ; elapsed = 00:00:09 . Memory (MB): peak = 1004.969 ; gain = 0.000
update_compile_order -fileset sources_1
current_project Flux_VGA
set_property location {4 800 104} [get_bd_cells PMODVGA_0]
set_property location {4 800 73} [get_bd_cells PMODVGA_0]
ipx::edit_ip_in_project -upgrade true -name PMODVGA_v1_0_project -directory C:/Users/Utilisateur/Documents/POEI/Projet_fin/Projet/src/Flux_VGA/Flux_VGA.tmp/PMODVGA_v1_0_project c:/Users/Utilisateur/Documents/POEI/Projet_fin/Projet/IP/PMODVGA/PMODVGA_1.0/component.xml
INFO: [ProjectBase 1-489] The host OS only allows 260 characters in a normal path. The project is stored in a path with more than 80 characters. If you experience issues with IP, Block Designs, or files not being found, please consider moving the project to a location with a shorter path. Alternately consider using the OS subst command to map part of the path to a drive letter.
Current project path is 'c:/users/utilisateur/documents/poei/projet_fin/projet/src/flux_vga/flux_vga.tmp/pmodvga_v1_0_project'
INFO: [IP_Flow 19-234] Refreshing IP repositories
INFO: [IP_Flow 19-1704] No user IP repositories specified
INFO: [IP_Flow 19-2313] Loaded Vivado IP repository 'C:/Xilinx/Vivado/2020.2/data/ip'.
create_project: Time (s): cpu = 00:00:08 ; elapsed = 00:00:05 . Memory (MB): peak = 1004.969 ; gain = 0.000
INFO: [IP_Flow 19-234] Refreshing IP repositories
WARNING: [IP_Flow 19-3685] Ignored loading user repository 'c:/Users/Utilisateur/Documents/POEI/Projet_fin/Projet/IP/overlay/overlay_1.0'. The path is contained within another repository.
WARNING: [IP_Flow 19-3685] Ignored loading user repository 'c:/Users/Utilisateur/Documents/POEI/Projet_fin/Projet/IP/seuil/seuil_1.0'. The path is contained within another repository.
WARNING: [IP_Flow 19-3685] Ignored loading user repository 'c:/Users/Utilisateur/Documents/POEI/Projet_fin/Projet/IP/filtre_harris/filtre_harris_1.0'. The path is contained within another repository.
WARNING: [IP_Flow 19-3685] Ignored loading user repository 'c:/Users/Utilisateur/Documents/POEI/Projet_fin/Projet/IP/filtre_gaussien/filtre_gaussien_1.0'. The path is contained within another repository.
WARNING: [IP_Flow 19-3685] Ignored loading user repository 'c:/Users/Utilisateur/Documents/POEI/Projet_fin/Projet/IP/luminance/luminance_1.0'. The path is contained within another repository.
WARNING: [IP_Flow 19-3685] Ignored loading user repository 'c:/Users/Utilisateur/Documents/POEI/Projet_fin/Projet/IP/source_select/source_select_1.0'. The path is contained within another repository.
INFO: [IP_Flow 19-1700] Loaded user IP repository 'c:/Users/Utilisateur/Documents/POEI/Projet_fin/Projet/IP'.
INFO: [IP_Flow 19-795] Syncing license key meta-data
ipx::edit_ip_in_project: Time (s): cpu = 00:00:09 ; elapsed = 00:00:06 . Memory (MB): peak = 1004.969 ; gain = 0.000
update_compile_order -fileset sources_1
current_project Flux_VGA
regenerate_bd_layout
regenerate_bd_layout
regenerate_bd_layout -routing
current_project TGP_v1_0_project
ipx::merge_project_changes hdl_parameters [ipx::current_core]
WARNING: [IP_Flow 19-5226] Project source file 'c:/Users/Utilisateur/Documents/POEI/Projet_fin/Projet/IP/TGP/TGP_1.0/component.xml' ignored by IP packager.
set_property core_revision 11 [ipx::current_core]
ipx::update_source_project_archive -component [ipx::current_core]
ipx::create_xgui_files [ipx::current_core]
ipx::update_checksums [ipx::current_core]
ipx::check_integrity [ipx::current_core]
INFO: [IP_Flow 19-2181] Payment Required is not set for this core.
INFO: [IP_Flow 19-2187] The Product Guide file is missing.
INFO: [Ipptcl 7-1486] check_integrity: Integrity check passed.
ipx::save_core [ipx::current_core]
current_project Flux_VGA
update_ip_catalog -rebuild -scan_changes
INFO: [IP_Flow 19-234] Refreshing IP repositories
WARNING: [IP_Flow 19-3685] Ignored loading user repository 'c:/Users/Utilisateur/Documents/POEI/Projet_fin/Projet/IP/overlay/overlay_1.0'. The path is contained within another repository.
WARNING: [IP_Flow 19-3685] Ignored loading user repository 'c:/Users/Utilisateur/Documents/POEI/Projet_fin/Projet/IP/seuil/seuil_1.0'. The path is contained within another repository.
WARNING: [IP_Flow 19-3685] Ignored loading user repository 'c:/Users/Utilisateur/Documents/POEI/Projet_fin/Projet/IP/filtre_harris/filtre_harris_1.0'. The path is contained within another repository.
WARNING: [IP_Flow 19-3685] Ignored loading user repository 'c:/Users/Utilisateur/Documents/POEI/Projet_fin/Projet/IP/filtre_gaussien/filtre_gaussien_1.0'. The path is contained within another repository.
WARNING: [IP_Flow 19-3685] Ignored loading user repository 'c:/Users/Utilisateur/Documents/POEI/Projet_fin/Projet/IP/luminance/luminance_1.0'. The path is contained within another repository.
WARNING: [IP_Flow 19-3685] Ignored loading user repository 'c:/Users/Utilisateur/Documents/POEI/Projet_fin/Projet/IP/source_select/source_select_1.0'. The path is contained within another repository.
INFO: [IP_Flow 19-1700] Loaded user IP repository 'c:/Users/Utilisateur/Documents/POEI/Projet_fin/Projet/IP'.
report_ip_status -name ip_status
current_project TGP_v1_0_project
current_project Flux_VGA
upgrade_ip -vlnv xilinx.com:user:TGP:1.0 [get_ips  design_1_TGP_1_0] -log ip_upgrade.log
Upgrading 'C:/Users/Utilisateur/Documents/POEI/Projet_fin/Projet/src/Flux_VGA/Flux_VGA.srcs/sources_1/bd/design_1/design_1.bd'
INFO: [IP_Flow 19-3422] Upgraded design_1_TGP_1_0 (TGP_v1.0 1.0) from revision 10 to revision 11
Wrote  : <C:\Users\Utilisateur\Documents\POEI\Projet_fin\Projet\src\Flux_VGA\Flux_VGA.srcs\sources_1\bd\design_1\design_1.bd> 
Wrote  : <C:/Users/Utilisateur/Documents/POEI/Projet_fin/Projet/src/Flux_VGA/Flux_VGA.srcs/sources_1/bd/design_1/ui/bd_1f5defd0.ui> 
INFO: [Coretcl 2-1525] Wrote upgrade log to 'C:/Users/Utilisateur/Documents/POEI/Projet_fin/Projet/src/Flux_VGA/ip_upgrade.log'.
export_ip_user_files -of_objects [get_ips design_1_TGP_1_0] -no_script -sync -force -quiet
generate_target all [get_files  C:/Users/Utilisateur/Documents/POEI/Projet_fin/Projet/src/Flux_VGA/Flux_VGA.srcs/sources_1/bd/design_1/design_1.bd]
INFO: [xilinx.com:ip:clk_wiz:6.0-1] /clk_wiz_0 clk_wiz propagate
Wrote  : <C:\Users\Utilisateur\Documents\POEI\Projet_fin\Projet\src\Flux_VGA\Flux_VGA.srcs\sources_1\bd\design_1\design_1.bd> 
VHDL Output written to : c:/Users/Utilisateur/Documents/POEI/Projet_fin/Projet/src/Flux_VGA/Flux_VGA.gen/sources_1/bd/design_1/synth/design_1.vhd
VHDL Output written to : c:/Users/Utilisateur/Documents/POEI/Projet_fin/Projet/src/Flux_VGA/Flux_VGA.gen/sources_1/bd/design_1/sim/design_1.vhd
VHDL Output written to : c:/Users/Utilisateur/Documents/POEI/Projet_fin/Projet/src/Flux_VGA/Flux_VGA.gen/sources_1/bd/design_1/hdl/design_1_wrapper.vhd
INFO: [BD 41-1029] Generation completed for the IP Integrator block TGP_1 .
Exporting to file c:/Users/Utilisateur/Documents/POEI/Projet_fin/Projet/src/Flux_VGA/Flux_VGA.gen/sources_1/bd/design_1/hw_handoff/design_1.hwh
Generated Block Design Tcl file c:/Users/Utilisateur/Documents/POEI/Projet_fin/Projet/src/Flux_VGA/Flux_VGA.gen/sources_1/bd/design_1/hw_handoff/design_1_bd.tcl
Generated Hardware Definition File c:/Users/Utilisateur/Documents/POEI/Projet_fin/Projet/src/Flux_VGA/Flux_VGA.gen/sources_1/bd/design_1/synth/design_1.hwdef
generate_target: Time (s): cpu = 00:00:04 ; elapsed = 00:00:12 . Memory (MB): peak = 1062.902 ; gain = 57.934
export_ip_user_files -of_objects [get_files C:/Users/Utilisateur/Documents/POEI/Projet_fin/Projet/src/Flux_VGA/Flux_VGA.srcs/sources_1/bd/design_1/design_1.bd] -no_script -sync -force -quiet
export_simulation -of_objects [get_files C:/Users/Utilisateur/Documents/POEI/Projet_fin/Projet/src/Flux_VGA/Flux_VGA.srcs/sources_1/bd/design_1/design_1.bd] -directory C:/Users/Utilisateur/Documents/POEI/Projet_fin/Projet/src/Flux_VGA/Flux_VGA.ip_user_files/sim_scripts -ip_user_files_dir C:/Users/Utilisateur/Documents/POEI/Projet_fin/Projet/src/Flux_VGA/Flux_VGA.ip_user_files -ipstatic_source_dir C:/Users/Utilisateur/Documents/POEI/Projet_fin/Projet/src/Flux_VGA/Flux_VGA.ip_user_files/ipstatic -lib_map_path [list {modelsim=C:/Users/Utilisateur/Documents/POEI/Projet_fin/Projet/src/Flux_VGA/Flux_VGA.cache/compile_simlib/modelsim} {questa=C:/Users/Utilisateur/Documents/POEI/Projet_fin/Projet/src/Flux_VGA/Flux_VGA.cache/compile_simlib/questa} {riviera=C:/Users/Utilisateur/Documents/POEI/Projet_fin/Projet/src/Flux_VGA/Flux_VGA.cache/compile_simlib/riviera} {activehdl=C:/Users/Utilisateur/Documents/POEI/Projet_fin/Projet/src/Flux_VGA/Flux_VGA.cache/compile_simlib/activehdl}] -use_ip_compiled_libs -force -quiet
reset_run synth_1
launch_runs impl_1 -to_step write_bitstream -jobs 4
[Wed Sep 30 10:35:28 2026] Launched synth_1...
Run output will be captured here: C:/Users/Utilisateur/Documents/POEI/Projet_fin/Projet/src/Flux_VGA/Flux_VGA.runs/synth_1/runme.log
[Wed Sep 30 10:35:28 2026] Launched impl_1...
Run output will be captured here: C:/Users/Utilisateur/Documents/POEI/Projet_fin/Projet/src/Flux_VGA/Flux_VGA.runs/impl_1/runme.log
open_hw_manager
connect_hw_server -allow_non_jtag
INFO: [Labtools 27-2285] Connecting to hw_server url TCP:localhost:3121
INFO: [Labtools 27-2222] Launching hw_server...
INFO: [Labtools 27-2221] Launch Output:

****** Xilinx hw_server v2020.2
  **** Build date : Nov 18 2020 at 10:01:48
    ** Copyright 1986-2020 Xilinx, Inc. All Rights Reserved.


INFO: [Labtools 27-3415] Connecting to cs_server url TCP:localhost:3042
INFO: [Labtools 27-3417] Launching cs_server...
INFO: [Labtools 27-2221] Launch Output:


******** Xilinx cs_server v2020.2
  ****** Build date   : Nov 03 2020-22:02:56
    **** Build number : 2020.2.1604437376
      ** Copyright 2017-2020 Xilinx, Inc. All Rights Reserved.



connect_hw_server: Time (s): cpu = 00:00:01 ; elapsed = 00:00:11 . Memory (MB): peak = 1082.766 ; gain = 9.688
open_hw_target
INFO: [Labtoolstcl 44-466] Opening hw_target localhost:3121/xilinx_tcf/Digilent/210370AD52ADA
open_hw_target: Time (s): cpu = 00:00:04 ; elapsed = 00:00:07 . Memory (MB): peak = 2655.352 ; gain = 1572.586
set_property PROGRAM.FILE {C:/Users/Utilisateur/Documents/POEI/Projet_fin/Projet/src/Flux_VGA/Flux_VGA.runs/impl_1/design_1_wrapper.bit} [get_hw_devices xc7z010_1]
current_hw_device [get_hw_devices xc7z010_1]
refresh_hw_device -update_hw_probes false [lindex [get_hw_devices xc7z010_1] 0]
INFO: [Labtools 27-1434] Device xc7z010 (JTAG device index = 1) is programmed with a design that has no supported debug core(s) in it.
set_property PROBES.FILE {} [get_hw_devices xc7z010_1]
set_property FULL_PROBES.FILE {} [get_hw_devices xc7z010_1]
set_property PROGRAM.FILE {C:/Users/Utilisateur/Documents/POEI/Projet_fin/Projet/src/Flux_VGA/Flux_VGA.runs/impl_1/design_1_wrapper.bit} [get_hw_devices xc7z010_1]
program_hw_devices [get_hw_devices xc7z010_1]
INFO: [Labtools 27-3164] End of startup status: HIGH
refresh_hw_device [lindex [get_hw_devices xc7z010_1] 0]
INFO: [Labtools 27-1434] Device xc7z010 (JTAG device index = 1) is programmed with a design that has no supported debug core(s) in it.
current_project PMODVGA_v1_0_project
ipx::merge_project_changes hdl_parameters [ipx::current_core]
WARNING: [IP_Flow 19-5226] Project source file 'c:/Users/Utilisateur/Documents/POEI/Projet_fin/Projet/IP/PMODVGA/PMODVGA_1.0/component.xml' ignored by IP packager.
set_property core_revision 23 [ipx::current_core]
ipx::update_source_project_archive -component [ipx::current_core]
ipx::create_xgui_files [ipx::current_core]
ipx::update_checksums [ipx::current_core]
ipx::check_integrity [ipx::current_core]
INFO: [IP_Flow 19-2181] Payment Required is not set for this core.
INFO: [IP_Flow 19-2187] The Product Guide file is missing.
INFO: [Ipptcl 7-1486] check_integrity: Integrity check passed.
ipx::save_core [ipx::current_core]
current_project Flux_VGA
open_bd_design {C:/Users/Utilisateur/Documents/POEI/Projet_fin/Projet/src/Flux_VGA/Flux_VGA.srcs/sources_1/bd/design_1/design_1.bd}
update_ip_catalog -rebuild -scan_changes
INFO: [IP_Flow 19-234] Refreshing IP repositories
WARNING: [IP_Flow 19-3685] Ignored loading user repository 'c:/Users/Utilisateur/Documents/POEI/Projet_fin/Projet/IP/overlay/overlay_1.0'. The path is contained within another repository.
WARNING: [IP_Flow 19-3685] Ignored loading user repository 'c:/Users/Utilisateur/Documents/POEI/Projet_fin/Projet/IP/seuil/seuil_1.0'. The path is contained within another repository.
WARNING: [IP_Flow 19-3685] Ignored loading user repository 'c:/Users/Utilisateur/Documents/POEI/Projet_fin/Projet/IP/filtre_harris/filtre_harris_1.0'. The path is contained within another repository.
WARNING: [IP_Flow 19-3685] Ignored loading user repository 'c:/Users/Utilisateur/Documents/POEI/Projet_fin/Projet/IP/filtre_gaussien/filtre_gaussien_1.0'. The path is contained within another repository.
WARNING: [IP_Flow 19-3685] Ignored loading user repository 'c:/Users/Utilisateur/Documents/POEI/Projet_fin/Projet/IP/luminance/luminance_1.0'. The path is contained within another repository.
WARNING: [IP_Flow 19-3685] Ignored loading user repository 'c:/Users/Utilisateur/Documents/POEI/Projet_fin/Projet/IP/source_select/source_select_1.0'. The path is contained within another repository.
INFO: [IP_Flow 19-1700] Loaded user IP repository 'c:/Users/Utilisateur/Documents/POEI/Projet_fin/Projet/IP'.
report_ip_status -name ip_status
upgrade_ip -vlnv xilinx.com:user:PMODVGA:1.0 [get_ips  design_1_PMODVGA_0_2] -log ip_upgrade.log
Upgrading 'C:/Users/Utilisateur/Documents/POEI/Projet_fin/Projet/src/Flux_VGA/Flux_VGA.srcs/sources_1/bd/design_1/design_1.bd'
INFO: [IP_Flow 19-3422] Upgraded design_1_PMODVGA_0_2 (PMODVGA_v1.0 1.0) from revision 22 to revision 23
Wrote  : <C:\Users\Utilisateur\Documents\POEI\Projet_fin\Projet\src\Flux_VGA\Flux_VGA.srcs\sources_1\bd\design_1\design_1.bd> 
Wrote  : <C:/Users/Utilisateur/Documents/POEI/Projet_fin/Projet/src/Flux_VGA/Flux_VGA.srcs/sources_1/bd/design_1/ui/bd_1f5defd0.ui> 
INFO: [Coretcl 2-1525] Wrote upgrade log to 'C:/Users/Utilisateur/Documents/POEI/Projet_fin/Projet/src/Flux_VGA/ip_upgrade.log'.
export_ip_user_files -of_objects [get_ips design_1_PMODVGA_0_2] -no_script -sync -force -quiet
generate_target all [get_files  C:/Users/Utilisateur/Documents/POEI/Projet_fin/Projet/src/Flux_VGA/Flux_VGA.srcs/sources_1/bd/design_1/design_1.bd]
INFO: [xilinx.com:ip:clk_wiz:6.0-1] /clk_wiz_0 clk_wiz propagate
Wrote  : <C:\Users\Utilisateur\Documents\POEI\Projet_fin\Projet\src\Flux_VGA\Flux_VGA.srcs\sources_1\bd\design_1\design_1.bd> 
VHDL Output written to : c:/Users/Utilisateur/Documents/POEI/Projet_fin/Projet/src/Flux_VGA/Flux_VGA.gen/sources_1/bd/design_1/synth/design_1.vhd
VHDL Output written to : c:/Users/Utilisateur/Documents/POEI/Projet_fin/Projet/src/Flux_VGA/Flux_VGA.gen/sources_1/bd/design_1/sim/design_1.vhd
VHDL Output written to : c:/Users/Utilisateur/Documents/POEI/Projet_fin/Projet/src/Flux_VGA/Flux_VGA.gen/sources_1/bd/design_1/hdl/design_1_wrapper.vhd
INFO: [BD 41-1029] Generation completed for the IP Integrator block PMODVGA_0 .
Exporting to file c:/Users/Utilisateur/Documents/POEI/Projet_fin/Projet/src/Flux_VGA/Flux_VGA.gen/sources_1/bd/design_1/hw_handoff/design_1.hwh
Generated Block Design Tcl file c:/Users/Utilisateur/Documents/POEI/Projet_fin/Projet/src/Flux_VGA/Flux_VGA.gen/sources_1/bd/design_1/hw_handoff/design_1_bd.tcl
Generated Hardware Definition File c:/Users/Utilisateur/Documents/POEI/Projet_fin/Projet/src/Flux_VGA/Flux_VGA.gen/sources_1/bd/design_1/synth/design_1.hwdef
export_ip_user_files -of_objects [get_files C:/Users/Utilisateur/Documents/POEI/Projet_fin/Projet/src/Flux_VGA/Flux_VGA.srcs/sources_1/bd/design_1/design_1.bd] -no_script -sync -force -quiet
export_simulation -of_objects [get_files C:/Users/Utilisateur/Documents/POEI/Projet_fin/Projet/src/Flux_VGA/Flux_VGA.srcs/sources_1/bd/design_1/design_1.bd] -directory C:/Users/Utilisateur/Documents/POEI/Projet_fin/Projet/src/Flux_VGA/Flux_VGA.ip_user_files/sim_scripts -ip_user_files_dir C:/Users/Utilisateur/Documents/POEI/Projet_fin/Projet/src/Flux_VGA/Flux_VGA.ip_user_files -ipstatic_source_dir C:/Users/Utilisateur/Documents/POEI/Projet_fin/Projet/src/Flux_VGA/Flux_VGA.ip_user_files/ipstatic -lib_map_path [list {modelsim=C:/Users/Utilisateur/Documents/POEI/Projet_fin/Projet/src/Flux_VGA/Flux_VGA.cache/compile_simlib/modelsim} {questa=C:/Users/Utilisateur/Documents/POEI/Projet_fin/Projet/src/Flux_VGA/Flux_VGA.cache/compile_simlib/questa} {riviera=C:/Users/Utilisateur/Documents/POEI/Projet_fin/Projet/src/Flux_VGA/Flux_VGA.cache/compile_simlib/riviera} {activehdl=C:/Users/Utilisateur/Documents/POEI/Projet_fin/Projet/src/Flux_VGA/Flux_VGA.cache/compile_simlib/activehdl}] -use_ip_compiled_libs -force -quiet
reset_run synth_1
WARNING: [Vivado 12-1017] Problems encountered:
1. Failed to delete one or more files in run directory C:/Users/Utilisateur/Documents/POEI/Projet_fin/Projet/src/Flux_VGA/Flux_VGA.runs/synth_1

launch_runs impl_1 -to_step write_bitstream -jobs 4
[Wed Sep 30 10:42:03 2026] Launched synth_1...
Run output will be captured here: C:/Users/Utilisateur/Documents/POEI/Projet_fin/Projet/src/Flux_VGA/Flux_VGA.runs/synth_1/runme.log
[Wed Sep 30 10:42:03 2026] Launched impl_1...
Run output will be captured here: C:/Users/Utilisateur/Documents/POEI/Projet_fin/Projet/src/Flux_VGA/Flux_VGA.runs/impl_1/runme.log
set_property PROBES.FILE {} [get_hw_devices xc7z010_1]
set_property FULL_PROBES.FILE {} [get_hw_devices xc7z010_1]
set_property PROGRAM.FILE {C:/Users/Utilisateur/Documents/POEI/Projet_fin/Projet/src/Flux_VGA/Flux_VGA.runs/impl_1/design_1_wrapper.bit} [get_hw_devices xc7z010_1]
program_hw_devices [get_hw_devices xc7z010_1]
INFO: [Labtools 27-3164] End of startup status: HIGH
refresh_hw_device [lindex [get_hw_devices xc7z010_1] 0]
INFO: [Labtools 27-1434] Device xc7z010 (JTAG device index = 1) is programmed with a design that has no supported debug core(s) in it.
current_project PMODVGA_v1_0_project
ipx::merge_project_changes hdl_parameters [ipx::current_core]
WARNING: [IP_Flow 19-5226] Project source file 'c:/Users/Utilisateur/Documents/POEI/Projet_fin/Projet/IP/PMODVGA/PMODVGA_1.0/component.xml' ignored by IP packager.
set_property core_revision 24 [ipx::current_core]
ipx::update_source_project_archive -component [ipx::current_core]
ipx::create_xgui_files [ipx::current_core]
ipx::update_checksums [ipx::current_core]
ipx::check_integrity [ipx::current_core]
INFO: [IP_Flow 19-2181] Payment Required is not set for this core.
INFO: [IP_Flow 19-2187] The Product Guide file is missing.
INFO: [Ipptcl 7-1486] check_integrity: Integrity check passed.
ipx::save_core [ipx::current_core]
current_project Flux_VGA
open_bd_design {C:/Users/Utilisateur/Documents/POEI/Projet_fin/Projet/src/Flux_VGA/Flux_VGA.srcs/sources_1/bd/design_1/design_1.bd}
update_ip_catalog -rebuild -scan_changes
INFO: [IP_Flow 19-234] Refreshing IP repositories
WARNING: [IP_Flow 19-3685] Ignored loading user repository 'c:/Users/Utilisateur/Documents/POEI/Projet_fin/Projet/IP/overlay/overlay_1.0'. The path is contained within another repository.
WARNING: [IP_Flow 19-3685] Ignored loading user repository 'c:/Users/Utilisateur/Documents/POEI/Projet_fin/Projet/IP/seuil/seuil_1.0'. The path is contained within another repository.
WARNING: [IP_Flow 19-3685] Ignored loading user repository 'c:/Users/Utilisateur/Documents/POEI/Projet_fin/Projet/IP/filtre_harris/filtre_harris_1.0'. The path is contained within another repository.
WARNING: [IP_Flow 19-3685] Ignored loading user repository 'c:/Users/Utilisateur/Documents/POEI/Projet_fin/Projet/IP/filtre_gaussien/filtre_gaussien_1.0'. The path is contained within another repository.
WARNING: [IP_Flow 19-3685] Ignored loading user repository 'c:/Users/Utilisateur/Documents/POEI/Projet_fin/Projet/IP/luminance/luminance_1.0'. The path is contained within another repository.
WARNING: [IP_Flow 19-3685] Ignored loading user repository 'c:/Users/Utilisateur/Documents/POEI/Projet_fin/Projet/IP/source_select/source_select_1.0'. The path is contained within another repository.
INFO: [IP_Flow 19-1700] Loaded user IP repository 'c:/Users/Utilisateur/Documents/POEI/Projet_fin/Projet/IP'.
report_ip_status -name ip_status
upgrade_ip -vlnv xilinx.com:user:PMODVGA:1.0 [get_ips  design_1_PMODVGA_0_2] -log ip_upgrade.log
Upgrading 'C:/Users/Utilisateur/Documents/POEI/Projet_fin/Projet/src/Flux_VGA/Flux_VGA.srcs/sources_1/bd/design_1/design_1.bd'
INFO: [IP_Flow 19-3422] Upgraded design_1_PMODVGA_0_2 (PMODVGA_v1.0 1.0) from revision 23 to revision 24
Wrote  : <C:\Users\Utilisateur\Documents\POEI\Projet_fin\Projet\src\Flux_VGA\Flux_VGA.srcs\sources_1\bd\design_1\design_1.bd> 
INFO: [Coretcl 2-1525] Wrote upgrade log to 'C:/Users/Utilisateur/Documents/POEI/Projet_fin/Projet/src/Flux_VGA/ip_upgrade.log'.
export_ip_user_files -of_objects [get_ips design_1_PMODVGA_0_2] -no_script -sync -force -quiet
generate_target all [get_files  C:/Users/Utilisateur/Documents/POEI/Projet_fin/Projet/src/Flux_VGA/Flux_VGA.srcs/sources_1/bd/design_1/design_1.bd]
INFO: [xilinx.com:ip:clk_wiz:6.0-1] /clk_wiz_0 clk_wiz propagate
Wrote  : <C:\Users\Utilisateur\Documents\POEI\Projet_fin\Projet\src\Flux_VGA\Flux_VGA.srcs\sources_1\bd\design_1\design_1.bd> 
VHDL Output written to : c:/Users/Utilisateur/Documents/POEI/Projet_fin/Projet/src/Flux_VGA/Flux_VGA.gen/sources_1/bd/design_1/synth/design_1.vhd
VHDL Output written to : c:/Users/Utilisateur/Documents/POEI/Projet_fin/Projet/src/Flux_VGA/Flux_VGA.gen/sources_1/bd/design_1/sim/design_1.vhd
VHDL Output written to : c:/Users/Utilisateur/Documents/POEI/Projet_fin/Projet/src/Flux_VGA/Flux_VGA.gen/sources_1/bd/design_1/hdl/design_1_wrapper.vhd
INFO: [BD 41-1029] Generation completed for the IP Integrator block PMODVGA_0 .
Exporting to file c:/Users/Utilisateur/Documents/POEI/Projet_fin/Projet/src/Flux_VGA/Flux_VGA.gen/sources_1/bd/design_1/hw_handoff/design_1.hwh
Generated Block Design Tcl file c:/Users/Utilisateur/Documents/POEI/Projet_fin/Projet/src/Flux_VGA/Flux_VGA.gen/sources_1/bd/design_1/hw_handoff/design_1_bd.tcl
Generated Hardware Definition File c:/Users/Utilisateur/Documents/POEI/Projet_fin/Projet/src/Flux_VGA/Flux_VGA.gen/sources_1/bd/design_1/synth/design_1.hwdef
export_ip_user_files -of_objects [get_files C:/Users/Utilisateur/Documents/POEI/Projet_fin/Projet/src/Flux_VGA/Flux_VGA.srcs/sources_1/bd/design_1/design_1.bd] -no_script -sync -force -quiet
export_simulation -of_objects [get_files C:/Users/Utilisateur/Documents/POEI/Projet_fin/Projet/src/Flux_VGA/Flux_VGA.srcs/sources_1/bd/design_1/design_1.bd] -directory C:/Users/Utilisateur/Documents/POEI/Projet_fin/Projet/src/Flux_VGA/Flux_VGA.ip_user_files/sim_scripts -ip_user_files_dir C:/Users/Utilisateur/Documents/POEI/Projet_fin/Projet/src/Flux_VGA/Flux_VGA.ip_user_files -ipstatic_source_dir C:/Users/Utilisateur/Documents/POEI/Projet_fin/Projet/src/Flux_VGA/Flux_VGA.ip_user_files/ipstatic -lib_map_path [list {modelsim=C:/Users/Utilisateur/Documents/POEI/Projet_fin/Projet/src/Flux_VGA/Flux_VGA.cache/compile_simlib/modelsim} {questa=C:/Users/Utilisateur/Documents/POEI/Projet_fin/Projet/src/Flux_VGA/Flux_VGA.cache/compile_simlib/questa} {riviera=C:/Users/Utilisateur/Documents/POEI/Projet_fin/Projet/src/Flux_VGA/Flux_VGA.cache/compile_simlib/riviera} {activehdl=C:/Users/Utilisateur/Documents/POEI/Projet_fin/Projet/src/Flux_VGA/Flux_VGA.cache/compile_simlib/activehdl}] -use_ip_compiled_libs -force -quiet
reset_run synth_1
WARNING: [Vivado 12-1017] Problems encountered:
1. Failed to delete one or more files in run directory C:/Users/Utilisateur/Documents/POEI/Projet_fin/Projet/src/Flux_VGA/Flux_VGA.runs/synth_1

launch_runs impl_1 -to_step write_bitstream -jobs 4
[Wed Sep 30 10:48:23 2026] Launched synth_1...
Run output will be captured here: C:/Users/Utilisateur/Documents/POEI/Projet_fin/Projet/src/Flux_VGA/Flux_VGA.runs/synth_1/runme.log
[Wed Sep 30 10:48:23 2026] Launched impl_1...
Run output will be captured here: C:/Users/Utilisateur/Documents/POEI/Projet_fin/Projet/src/Flux_VGA/Flux_VGA.runs/impl_1/runme.log
set_property PROBES.FILE {} [get_hw_devices xc7z010_1]
set_property FULL_PROBES.FILE {} [get_hw_devices xc7z010_1]
set_property PROGRAM.FILE {C:/Users/Utilisateur/Documents/POEI/Projet_fin/Projet/src/Flux_VGA/Flux_VGA.runs/impl_1/design_1_wrapper.bit} [get_hw_devices xc7z010_1]
program_hw_devices [get_hw_devices xc7z010_1]
INFO: [Labtools 27-3164] End of startup status: HIGH
refresh_hw_device [lindex [get_hw_devices xc7z010_1] 0]
INFO: [Labtools 27-1434] Device xc7z010 (JTAG device index = 1) is programmed with a design that has no supported debug core(s) in it.
current_project TGP_v1_0_project
current_project PMODVGA_v1_0_project
ipx::merge_project_changes hdl_parameters [ipx::current_core]
WARNING: [IP_Flow 19-5226] Project source file 'c:/Users/Utilisateur/Documents/POEI/Projet_fin/Projet/IP/PMODVGA/PMODVGA_1.0/component.xml' ignored by IP packager.
set_property core_revision 25 [ipx::current_core]
ipx::update_source_project_archive -component [ipx::current_core]
ipx::create_xgui_files [ipx::current_core]
ipx::update_checksums [ipx::current_core]
ipx::check_integrity [ipx::current_core]
INFO: [IP_Flow 19-2181] Payment Required is not set for this core.
INFO: [IP_Flow 19-2187] The Product Guide file is missing.
INFO: [Ipptcl 7-1486] check_integrity: Integrity check passed.
ipx::save_core [ipx::current_core]
current_project Flux_VGA
open_bd_design {C:/Users/Utilisateur/Documents/POEI/Projet_fin/Projet/src/Flux_VGA/Flux_VGA.srcs/sources_1/bd/design_1/design_1.bd}
update_ip_catalog -rebuild -scan_changes
INFO: [IP_Flow 19-234] Refreshing IP repositories
WARNING: [IP_Flow 19-3685] Ignored loading user repository 'c:/Users/Utilisateur/Documents/POEI/Projet_fin/Projet/IP/overlay/overlay_1.0'. The path is contained within another repository.
WARNING: [IP_Flow 19-3685] Ignored loading user repository 'c:/Users/Utilisateur/Documents/POEI/Projet_fin/Projet/IP/seuil/seuil_1.0'. The path is contained within another repository.
WARNING: [IP_Flow 19-3685] Ignored loading user repository 'c:/Users/Utilisateur/Documents/POEI/Projet_fin/Projet/IP/filtre_harris/filtre_harris_1.0'. The path is contained within another repository.
WARNING: [IP_Flow 19-3685] Ignored loading user repository 'c:/Users/Utilisateur/Documents/POEI/Projet_fin/Projet/IP/filtre_gaussien/filtre_gaussien_1.0'. The path is contained within another repository.
WARNING: [IP_Flow 19-3685] Ignored loading user repository 'c:/Users/Utilisateur/Documents/POEI/Projet_fin/Projet/IP/luminance/luminance_1.0'. The path is contained within another repository.
WARNING: [IP_Flow 19-3685] Ignored loading user repository 'c:/Users/Utilisateur/Documents/POEI/Projet_fin/Projet/IP/source_select/source_select_1.0'. The path is contained within another repository.
INFO: [IP_Flow 19-1700] Loaded user IP repository 'c:/Users/Utilisateur/Documents/POEI/Projet_fin/Projet/IP'.
report_ip_status -name ip_status
upgrade_ip -vlnv xilinx.com:user:PMODVGA:1.0 [get_ips  design_1_PMODVGA_0_2] -log ip_upgrade.log
Upgrading 'C:/Users/Utilisateur/Documents/POEI/Projet_fin/Projet/src/Flux_VGA/Flux_VGA.srcs/sources_1/bd/design_1/design_1.bd'
INFO: [IP_Flow 19-3422] Upgraded design_1_PMODVGA_0_2 (PMODVGA_v1.0 1.0) from revision 24 to revision 25
Wrote  : <C:\Users\Utilisateur\Documents\POEI\Projet_fin\Projet\src\Flux_VGA\Flux_VGA.srcs\sources_1\bd\design_1\design_1.bd> 
INFO: [Coretcl 2-1525] Wrote upgrade log to 'C:/Users/Utilisateur/Documents/POEI/Projet_fin/Projet/src/Flux_VGA/ip_upgrade.log'.
export_ip_user_files -of_objects [get_ips design_1_PMODVGA_0_2] -no_script -sync -force -quiet
generate_target all [get_files  C:/Users/Utilisateur/Documents/POEI/Projet_fin/Projet/src/Flux_VGA/Flux_VGA.srcs/sources_1/bd/design_1/design_1.bd]
INFO: [xilinx.com:ip:clk_wiz:6.0-1] /clk_wiz_0 clk_wiz propagate
Wrote  : <C:\Users\Utilisateur\Documents\POEI\Projet_fin\Projet\src\Flux_VGA\Flux_VGA.srcs\sources_1\bd\design_1\design_1.bd> 
VHDL Output written to : c:/Users/Utilisateur/Documents/POEI/Projet_fin/Projet/src/Flux_VGA/Flux_VGA.gen/sources_1/bd/design_1/synth/design_1.vhd
VHDL Output written to : c:/Users/Utilisateur/Documents/POEI/Projet_fin/Projet/src/Flux_VGA/Flux_VGA.gen/sources_1/bd/design_1/sim/design_1.vhd
VHDL Output written to : c:/Users/Utilisateur/Documents/POEI/Projet_fin/Projet/src/Flux_VGA/Flux_VGA.gen/sources_1/bd/design_1/hdl/design_1_wrapper.vhd
INFO: [BD 41-1029] Generation completed for the IP Integrator block PMODVGA_0 .
Exporting to file c:/Users/Utilisateur/Documents/POEI/Projet_fin/Projet/src/Flux_VGA/Flux_VGA.gen/sources_1/bd/design_1/hw_handoff/design_1.hwh
Generated Block Design Tcl file c:/Users/Utilisateur/Documents/POEI/Projet_fin/Projet/src/Flux_VGA/Flux_VGA.gen/sources_1/bd/design_1/hw_handoff/design_1_bd.tcl
Generated Hardware Definition File c:/Users/Utilisateur/Documents/POEI/Projet_fin/Projet/src/Flux_VGA/Flux_VGA.gen/sources_1/bd/design_1/synth/design_1.hwdef
export_ip_user_files -of_objects [get_files C:/Users/Utilisateur/Documents/POEI/Projet_fin/Projet/src/Flux_VGA/Flux_VGA.srcs/sources_1/bd/design_1/design_1.bd] -no_script -sync -force -quiet
export_simulation -of_objects [get_files C:/Users/Utilisateur/Documents/POEI/Projet_fin/Projet/src/Flux_VGA/Flux_VGA.srcs/sources_1/bd/design_1/design_1.bd] -directory C:/Users/Utilisateur/Documents/POEI/Projet_fin/Projet/src/Flux_VGA/Flux_VGA.ip_user_files/sim_scripts -ip_user_files_dir C:/Users/Utilisateur/Documents/POEI/Projet_fin/Projet/src/Flux_VGA/Flux_VGA.ip_user_files -ipstatic_source_dir C:/Users/Utilisateur/Documents/POEI/Projet_fin/Projet/src/Flux_VGA/Flux_VGA.ip_user_files/ipstatic -lib_map_path [list {modelsim=C:/Users/Utilisateur/Documents/POEI/Projet_fin/Projet/src/Flux_VGA/Flux_VGA.cache/compile_simlib/modelsim} {questa=C:/Users/Utilisateur/Documents/POEI/Projet_fin/Projet/src/Flux_VGA/Flux_VGA.cache/compile_simlib/questa} {riviera=C:/Users/Utilisateur/Documents/POEI/Projet_fin/Projet/src/Flux_VGA/Flux_VGA.cache/compile_simlib/riviera} {activehdl=C:/Users/Utilisateur/Documents/POEI/Projet_fin/Projet/src/Flux_VGA/Flux_VGA.cache/compile_simlib/activehdl}] -use_ip_compiled_libs -force -quiet
reset_run synth_1
WARNING: [Vivado 12-1017] Problems encountered:
1. Failed to delete one or more files in run directory C:/Users/Utilisateur/Documents/POEI/Projet_fin/Projet/src/Flux_VGA/Flux_VGA.runs/synth_1

launch_runs impl_1 -to_step write_bitstream -jobs 4
[Wed Sep 30 10:56:02 2026] Launched synth_1...
Run output will be captured here: C:/Users/Utilisateur/Documents/POEI/Projet_fin/Projet/src/Flux_VGA/Flux_VGA.runs/synth_1/runme.log
[Wed Sep 30 10:56:02 2026] Launched impl_1...
Run output will be captured here: C:/Users/Utilisateur/Documents/POEI/Projet_fin/Projet/src/Flux_VGA/Flux_VGA.runs/impl_1/runme.log
set_property PROBES.FILE {} [get_hw_devices xc7z010_1]
set_property FULL_PROBES.FILE {} [get_hw_devices xc7z010_1]
set_property PROGRAM.FILE {C:/Users/Utilisateur/Documents/POEI/Projet_fin/Projet/src/Flux_VGA/Flux_VGA.runs/impl_1/design_1_wrapper.bit} [get_hw_devices xc7z010_1]
program_hw_devices [get_hw_devices xc7z010_1]
INFO: [Labtools 27-3164] End of startup status: HIGH
refresh_hw_device [lindex [get_hw_devices xc7z010_1] 0]
INFO: [Labtools 27-1434] Device xc7z010 (JTAG device index = 1) is programmed with a design that has no supported debug core(s) in it.
set_property PROBES.FILE {} [get_hw_devices xc7z010_1]
set_property FULL_PROBES.FILE {} [get_hw_devices xc7z010_1]
set_property PROGRAM.FILE {C:/Users/Utilisateur/Documents/POEI/Projet_fin/Projet/src/Flux_VGA/Flux_VGA.runs/impl_1/design_1_wrapper.bit} [get_hw_devices xc7z010_1]
program_hw_devices [get_hw_devices xc7z010_1]
INFO: [Labtools 27-3164] End of startup status: HIGH
refresh_hw_device [lindex [get_hw_devices xc7z010_1] 0]
INFO: [Labtools 27-1434] Device xc7z010 (JTAG device index = 1) is programmed with a design that has no supported debug core(s) in it.
open_run synth_1 -name synth_1
Design is defaulting to impl run constrset: constrs_1
Design is defaulting to synth run part: xc7z010clg400-1
INFO: [Device 21-403] Loading part xc7z010clg400-1
Netlist sorting complete. Time (s): cpu = 00:00:00 ; elapsed = 00:00:00.003 . Memory (MB): peak = 2896.023 ; gain = 0.000
INFO: [Netlist 29-17] Analyzing 15 Unisim elements for replacement
INFO: [Netlist 29-28] Unisim Transformation completed in 0 CPU seconds
INFO: [Project 1-479] Netlist was created with Vivado 2020.2
INFO: [Project 1-570] Preparing netlist for logic optimization
Parsing XDC File [c:/Users/Utilisateur/Documents/POEI/Projet_fin/Projet/src/Flux_VGA/Flux_VGA.gen/sources_1/bd/design_1/ip/design_1_clk_wiz_0_0/design_1_clk_wiz_0_0_board.xdc] for cell 'design_1_i/clk_wiz_0/inst'
Finished Parsing XDC File [c:/Users/Utilisateur/Documents/POEI/Projet_fin/Projet/src/Flux_VGA/Flux_VGA.gen/sources_1/bd/design_1/ip/design_1_clk_wiz_0_0/design_1_clk_wiz_0_0_board.xdc] for cell 'design_1_i/clk_wiz_0/inst'
Parsing XDC File [c:/Users/Utilisateur/Documents/POEI/Projet_fin/Projet/src/Flux_VGA/Flux_VGA.gen/sources_1/bd/design_1/ip/design_1_clk_wiz_0_0/design_1_clk_wiz_0_0.xdc] for cell 'design_1_i/clk_wiz_0/inst'
INFO: [Timing 38-35] Done setting XDC timing constraints. [c:/Users/Utilisateur/Documents/POEI/Projet_fin/Projet/src/Flux_VGA/Flux_VGA.gen/sources_1/bd/design_1/ip/design_1_clk_wiz_0_0/design_1_clk_wiz_0_0.xdc:57]
INFO: [Timing 38-2] Deriving generated clocks [c:/Users/Utilisateur/Documents/POEI/Projet_fin/Projet/src/Flux_VGA/Flux_VGA.gen/sources_1/bd/design_1/ip/design_1_clk_wiz_0_0/design_1_clk_wiz_0_0.xdc:57]
Finished Parsing XDC File [c:/Users/Utilisateur/Documents/POEI/Projet_fin/Projet/src/Flux_VGA/Flux_VGA.gen/sources_1/bd/design_1/ip/design_1_clk_wiz_0_0/design_1_clk_wiz_0_0.xdc] for cell 'design_1_i/clk_wiz_0/inst'
Parsing XDC File [C:/Users/Utilisateur/Documents/POEI/Projet_fin/Projet/src/Flux_VGA/Flux_VGA.srcs/sources_1/Cora-Z7-10-Master.xdc]
Finished Parsing XDC File [C:/Users/Utilisateur/Documents/POEI/Projet_fin/Projet/src/Flux_VGA/Flux_VGA.srcs/sources_1/Cora-Z7-10-Master.xdc]
INFO: [Opt 31-138] Pushed 0 inverter(s) to 0 load pin(s).
Netlist sorting complete. Time (s): cpu = 00:00:00 ; elapsed = 00:00:00 . Memory (MB): peak = 3558.949 ; gain = 0.000
INFO: [Project 1-111] Unisim Transformation Summary:
No Unisim elements were transformed.

open_run: Time (s): cpu = 00:00:30 ; elapsed = 00:00:36 . Memory (MB): peak = 3580.734 ; gain = 799.102
open_bd_design {C:/Users/Utilisateur/Documents/POEI/Projet_fin/Projet/src/Flux_VGA/Flux_VGA.srcs/sources_1/bd/design_1/design_1.bd}
report_ip_status -name ip_status 
reset_run synth_1
WARNING: [Vivado 12-1017] Problems encountered:
1. Failed to delete one or more files in run directory C:/Users/Utilisateur/Documents/POEI/Projet_fin/Projet/src/Flux_VGA/Flux_VGA.runs/synth_1

launch_runs synth_1 -jobs 4
[Wed Sep 30 11:41:12 2026] Launched synth_1...
Run output will be captured here: C:/Users/Utilisateur/Documents/POEI/Projet_fin/Projet/src/Flux_VGA/Flux_VGA.runs/synth_1/runme.log
close_design
open_run synth_1 -name synth_1
Design is defaulting to impl run constrset: constrs_1
Design is defaulting to synth run part: xc7z010clg400-1
Netlist sorting complete. Time (s): cpu = 00:00:00 ; elapsed = 00:00:00.001 . Memory (MB): peak = 3699.730 ; gain = 0.000
INFO: [Netlist 29-17] Analyzing 15 Unisim elements for replacement
INFO: [Netlist 29-28] Unisim Transformation completed in 0 CPU seconds
INFO: [Project 1-479] Netlist was created with Vivado 2020.2
INFO: [Project 1-570] Preparing netlist for logic optimization
Parsing XDC File [c:/Users/Utilisateur/Documents/POEI/Projet_fin/Projet/src/Flux_VGA/Flux_VGA.gen/sources_1/bd/design_1/ip/design_1_clk_wiz_0_0/design_1_clk_wiz_0_0_board.xdc] for cell 'design_1_i/clk_wiz_0/inst'
Finished Parsing XDC File [c:/Users/Utilisateur/Documents/POEI/Projet_fin/Projet/src/Flux_VGA/Flux_VGA.gen/sources_1/bd/design_1/ip/design_1_clk_wiz_0_0/design_1_clk_wiz_0_0_board.xdc] for cell 'design_1_i/clk_wiz_0/inst'
Parsing XDC File [c:/Users/Utilisateur/Documents/POEI/Projet_fin/Projet/src/Flux_VGA/Flux_VGA.gen/sources_1/bd/design_1/ip/design_1_clk_wiz_0_0/design_1_clk_wiz_0_0.xdc] for cell 'design_1_i/clk_wiz_0/inst'
INFO: [Timing 38-35] Done setting XDC timing constraints. [c:/Users/Utilisateur/Documents/POEI/Projet_fin/Projet/src/Flux_VGA/Flux_VGA.gen/sources_1/bd/design_1/ip/design_1_clk_wiz_0_0/design_1_clk_wiz_0_0.xdc:57]
INFO: [Timing 38-2] Deriving generated clocks [c:/Users/Utilisateur/Documents/POEI/Projet_fin/Projet/src/Flux_VGA/Flux_VGA.gen/sources_1/bd/design_1/ip/design_1_clk_wiz_0_0/design_1_clk_wiz_0_0.xdc:57]
Finished Parsing XDC File [c:/Users/Utilisateur/Documents/POEI/Projet_fin/Projet/src/Flux_VGA/Flux_VGA.gen/sources_1/bd/design_1/ip/design_1_clk_wiz_0_0/design_1_clk_wiz_0_0.xdc] for cell 'design_1_i/clk_wiz_0/inst'
Parsing XDC File [C:/Users/Utilisateur/Documents/POEI/Projet_fin/Projet/src/Flux_VGA/Flux_VGA.srcs/sources_1/Cora-Z7-10-Master.xdc]
Finished Parsing XDC File [C:/Users/Utilisateur/Documents/POEI/Projet_fin/Projet/src/Flux_VGA/Flux_VGA.srcs/sources_1/Cora-Z7-10-Master.xdc]
INFO: [Opt 31-138] Pushed 0 inverter(s) to 0 load pin(s).
Netlist sorting complete. Time (s): cpu = 00:00:00 ; elapsed = 00:00:00 . Memory (MB): peak = 3771.500 ; gain = 0.000
INFO: [Project 1-111] Unisim Transformation Summary:
No Unisim elements were transformed.

launch_runs impl_1 -to_step write_bitstream -jobs 4
INFO: [Timing 38-480] Writing timing data to binary archive.
Writing placer database...
Writing XDEF routing.
Writing XDEF routing logical nets.
Writing XDEF routing special nets.
Write XDEF Complete: Time (s): cpu = 00:00:00 ; elapsed = 00:00:00.153 . Memory (MB): peak = 3771.500 ; gain = 0.000
[Wed Sep 30 12:03:31 2026] Launched impl_1...
Run output will be captured here: C:/Users/Utilisateur/Documents/POEI/Projet_fin/Projet/src/Flux_VGA/Flux_VGA.runs/impl_1/runme.log
refresh_hw_device [lindex [get_hw_devices xc7z010_1] 0]
INFO: [Labtools 27-1434] Device xc7z010 (JTAG device index = 1) is programmed with a design that has no supported debug core(s) in it.
set_property PROBES.FILE {} [get_hw_devices xc7z010_1]
set_property FULL_PROBES.FILE {} [get_hw_devices xc7z010_1]
set_property PROGRAM.FILE {C:/Users/Utilisateur/Documents/POEI/Projet_fin/Projet/src/Flux_VGA/Flux_VGA.runs/impl_1/design_1_wrapper.bit} [get_hw_devices xc7z010_1]
program_hw_devices [get_hw_devices xc7z010_1]
INFO: [Labtools 27-3164] End of startup status: HIGH
refresh_hw_device [lindex [get_hw_devices xc7z010_1] 0]
INFO: [Labtools 27-1434] Device xc7z010 (JTAG device index = 1) is programmed with a design that has no supported debug core(s) in it.
WARNING: [Common 17-9] Error reading message records.
WARNING: [Common 17-9] Error reading message records.
WARNING: [Common 17-9] Error reading message records.
WARNING: [Common 17-9] Error reading message records.
WARNING: [Common 17-9] Error reading message records.
update_ip_catalog -rebuild -scan_changes
INFO: [IP_Flow 19-234] Refreshing IP repositories
WARNING: [IP_Flow 19-3685] Ignored loading user repository 'c:/Users/Utilisateur/Documents/POEI/Projet_fin/Projet/IP/overlay/overlay_1.0'. The path is contained within another repository.
WARNING: [IP_Flow 19-3685] Ignored loading user repository 'c:/Users/Utilisateur/Documents/POEI/Projet_fin/Projet/IP/seuil/seuil_1.0'. The path is contained within another repository.
WARNING: [IP_Flow 19-3685] Ignored loading user repository 'c:/Users/Utilisateur/Documents/POEI/Projet_fin/Projet/IP/filtre_harris/filtre_harris_1.0'. The path is contained within another repository.
WARNING: [IP_Flow 19-3685] Ignored loading user repository 'c:/Users/Utilisateur/Documents/POEI/Projet_fin/Projet/IP/filtre_gaussien/filtre_gaussien_1.0'. The path is contained within another repository.
WARNING: [IP_Flow 19-3685] Ignored loading user repository 'c:/Users/Utilisateur/Documents/POEI/Projet_fin/Projet/IP/luminance/luminance_1.0'. The path is contained within another repository.
WARNING: [IP_Flow 19-3685] Ignored loading user repository 'c:/Users/Utilisateur/Documents/POEI/Projet_fin/Projet/IP/source_select/source_select_1.0'. The path is contained within another repository.
INFO: [IP_Flow 19-1700] Loaded user IP repository 'c:/Users/Utilisateur/Documents/POEI/Projet_fin/Projet/IP'.
report_ip_status -name ip_status
upgrade_ip -vlnv xilinx.com:user:PMODVGA:1.0 [get_ips  design_1_PMODVGA_0_2] -log ip_upgrade.log
Upgrading 'C:/Users/Utilisateur/Documents/POEI/Projet_fin/Projet/src/Flux_VGA/Flux_VGA.srcs/sources_1/bd/design_1/design_1.bd'
INFO: [IP_Flow 19-1972] Upgraded design_1_PMODVGA_0_2 from PMODVGA_v1.0 1.0 to PMODVGA_v1.0 1.0
Wrote  : <C:\Users\Utilisateur\Documents\POEI\Projet_fin\Projet\src\Flux_VGA\Flux_VGA.srcs\sources_1\bd\design_1\design_1.bd> 
Wrote  : <C:/Users/Utilisateur/Documents/POEI/Projet_fin/Projet/src/Flux_VGA/Flux_VGA.srcs/sources_1/bd/design_1/ui/bd_1f5defd0.ui> 
INFO: [Coretcl 2-1525] Wrote upgrade log to 'C:/Users/Utilisateur/Documents/POEI/Projet_fin/Projet/src/Flux_VGA/ip_upgrade.log'.
export_ip_user_files -of_objects [get_ips design_1_PMODVGA_0_2] -no_script -sync -force -quiet
generate_target all [get_files  C:/Users/Utilisateur/Documents/POEI/Projet_fin/Projet/src/Flux_VGA/Flux_VGA.srcs/sources_1/bd/design_1/design_1.bd]
INFO: [xilinx.com:ip:clk_wiz:6.0-1] /clk_wiz_0 clk_wiz propagate
Wrote  : <C:\Users\Utilisateur\Documents\POEI\Projet_fin\Projet\src\Flux_VGA\Flux_VGA.srcs\sources_1\bd\design_1\design_1.bd> 
VHDL Output written to : c:/Users/Utilisateur/Documents/POEI/Projet_fin/Projet/src/Flux_VGA/Flux_VGA.gen/sources_1/bd/design_1/synth/design_1.vhd
VHDL Output written to : c:/Users/Utilisateur/Documents/POEI/Projet_fin/Projet/src/Flux_VGA/Flux_VGA.gen/sources_1/bd/design_1/sim/design_1.vhd
VHDL Output written to : c:/Users/Utilisateur/Documents/POEI/Projet_fin/Projet/src/Flux_VGA/Flux_VGA.gen/sources_1/bd/design_1/hdl/design_1_wrapper.vhd
INFO: [BD 41-1029] Generation completed for the IP Integrator block PMODVGA_0 .
Exporting to file c:/Users/Utilisateur/Documents/POEI/Projet_fin/Projet/src/Flux_VGA/Flux_VGA.gen/sources_1/bd/design_1/hw_handoff/design_1.hwh
Generated Block Design Tcl file c:/Users/Utilisateur/Documents/POEI/Projet_fin/Projet/src/Flux_VGA/Flux_VGA.gen/sources_1/bd/design_1/hw_handoff/design_1_bd.tcl
Generated Hardware Definition File c:/Users/Utilisateur/Documents/POEI/Projet_fin/Projet/src/Flux_VGA/Flux_VGA.gen/sources_1/bd/design_1/synth/design_1.hwdef
export_ip_user_files -of_objects [get_files C:/Users/Utilisateur/Documents/POEI/Projet_fin/Projet/src/Flux_VGA/Flux_VGA.srcs/sources_1/bd/design_1/design_1.bd] -no_script -sync -force -quiet
export_simulation -of_objects [get_files C:/Users/Utilisateur/Documents/POEI/Projet_fin/Projet/src/Flux_VGA/Flux_VGA.srcs/sources_1/bd/design_1/design_1.bd] -directory C:/Users/Utilisateur/Documents/POEI/Projet_fin/Projet/src/Flux_VGA/Flux_VGA.ip_user_files/sim_scripts -ip_user_files_dir C:/Users/Utilisateur/Documents/POEI/Projet_fin/Projet/src/Flux_VGA/Flux_VGA.ip_user_files -ipstatic_source_dir C:/Users/Utilisateur/Documents/POEI/Projet_fin/Projet/src/Flux_VGA/Flux_VGA.ip_user_files/ipstatic -lib_map_path [list {modelsim=C:/Users/Utilisateur/Documents/POEI/Projet_fin/Projet/src/Flux_VGA/Flux_VGA.cache/compile_simlib/modelsim} {questa=C:/Users/Utilisateur/Documents/POEI/Projet_fin/Projet/src/Flux_VGA/Flux_VGA.cache/compile_simlib/questa} {riviera=C:/Users/Utilisateur/Documents/POEI/Projet_fin/Projet/src/Flux_VGA/Flux_VGA.cache/compile_simlib/riviera} {activehdl=C:/Users/Utilisateur/Documents/POEI/Projet_fin/Projet/src/Flux_VGA/Flux_VGA.cache/compile_simlib/activehdl}] -use_ip_compiled_libs -force -quiet
reset_run synth_1
WARNING: [Vivado 12-1017] Problems encountered:
1. Failed to delete one or more files in run directory C:/Users/Utilisateur/Documents/POEI/Projet_fin/Projet/src/Flux_VGA/Flux_VGA.runs/synth_1

launch_runs impl_1 -to_step write_bitstream -jobs 4
WARNING: [Project 1-478] Design 'synth_1' is stale and will not be used when launching 'impl_1'
[Wed Sep 30 12:24:44 2026] Launched synth_1...
Run output will be captured here: C:/Users/Utilisateur/Documents/POEI/Projet_fin/Projet/src/Flux_VGA/Flux_VGA.runs/synth_1/runme.log
[Wed Sep 30 12:24:44 2026] Launched impl_1...
Run output will be captured here: C:/Users/Utilisateur/Documents/POEI/Projet_fin/Projet/src/Flux_VGA/Flux_VGA.runs/impl_1/runme.log
set_property PROBES.FILE {} [get_hw_devices xc7z010_1]
set_property FULL_PROBES.FILE {} [get_hw_devices xc7z010_1]
set_property PROGRAM.FILE {C:/Users/Utilisateur/Documents/POEI/Projet_fin/Projet/src/Flux_VGA/Flux_VGA.runs/impl_1/design_1_wrapper.bit} [get_hw_devices xc7z010_1]
program_hw_devices [get_hw_devices xc7z010_1]
INFO: [Labtools 27-3164] End of startup status: HIGH
refresh_hw_device [lindex [get_hw_devices xc7z010_1] 0]
INFO: [Labtools 27-1434] Device xc7z010 (JTAG device index = 1) is programmed with a design that has no supported debug core(s) in it.
current_project PMODVGA_v1_0_project
close_project
****** Webtalk v2020.2 (64-bit)
  **** SW Build 3064766 on Wed Nov 18 09:12:45 MST 2020
  **** IP Build 3064653 on Wed Nov 18 14:17:31 MST 2020
    ** Copyright 1986-2020 Xilinx, Inc. All Rights Reserved.

source c:/users/utilisateur/documents/poei/projet_fin/projet/src/flux_vga/flux_vga.tmp/pmodvga_v1_0_project/PMODVGA_v1_0_project.hw/webtalk/labtool_webtalk.tcl -notrace
INFO: [Common 17-206] Exiting Webtalk at Wed Sep 30 12:31:29 2026...
close_project
****** Webtalk v2020.2 (64-bit)
  **** SW Build 3064766 on Wed Nov 18 09:12:45 MST 2020
  **** IP Build 3064653 on Wed Nov 18 14:17:31 MST 2020
    ** Copyright 1986-2020 Xilinx, Inc. All Rights Reserved.

source c:/users/utilisateur/documents/poei/projet_fin/projet/src/flux_vga/flux_vga.tmp/tgp_v1_0_project/TGP_v1_0_project.hw/webtalk/labtool_webtalk.tcl -notrace
INFO: [Common 17-206] Exiting Webtalk at Wed Sep 30 12:31:39 2026...
open_bd_design {C:/Users/Utilisateur/Documents/POEI/Projet_fin/Projet/src/Flux_VGA/Flux_VGA.srcs/sources_1/bd/design_1/design_1.bd}
ipx::edit_ip_in_project -upgrade true -name PMODVGA_v1_0_project -directory C:/Users/Utilisateur/Documents/POEI/Projet_fin/Projet/src/Flux_VGA/Flux_VGA.tmp/PMODVGA_v1_0_project c:/Users/Utilisateur/Documents/POEI/Projet_fin/Projet/IP/PMODVGA/PMODVGA_1.0/component.xml
INFO: [ProjectBase 1-489] The host OS only allows 260 characters in a normal path. The project is stored in a path with more than 80 characters. If you experience issues with IP, Block Designs, or files not being found, please consider moving the project to a location with a shorter path. Alternately consider using the OS subst command to map part of the path to a drive letter.
Current project path is 'c:/users/utilisateur/documents/poei/projet_fin/projet/src/flux_vga/flux_vga.tmp/pmodvga_v1_0_project'
INFO: [IP_Flow 19-234] Refreshing IP repositories
INFO: [IP_Flow 19-1704] No user IP repositories specified
INFO: [IP_Flow 19-2313] Loaded Vivado IP repository 'C:/Xilinx/Vivado/2020.2/data/ip'.
INFO: [IP_Flow 19-234] Refreshing IP repositories
WARNING: [IP_Flow 19-3685] Ignored loading user repository 'c:/Users/Utilisateur/Documents/POEI/Projet_fin/Projet/IP/overlay/overlay_1.0'. The path is contained within another repository.
WARNING: [IP_Flow 19-3685] Ignored loading user repository 'c:/Users/Utilisateur/Documents/POEI/Projet_fin/Projet/IP/seuil/seuil_1.0'. The path is contained within another repository.
WARNING: [IP_Flow 19-3685] Ignored loading user repository 'c:/Users/Utilisateur/Documents/POEI/Projet_fin/Projet/IP/filtre_harris/filtre_harris_1.0'. The path is contained within another repository.
WARNING: [IP_Flow 19-3685] Ignored loading user repository 'c:/Users/Utilisateur/Documents/POEI/Projet_fin/Projet/IP/filtre_gaussien/filtre_gaussien_1.0'. The path is contained within another repository.
WARNING: [IP_Flow 19-3685] Ignored loading user repository 'c:/Users/Utilisateur/Documents/POEI/Projet_fin/Projet/IP/luminance/luminance_1.0'. The path is contained within another repository.
WARNING: [IP_Flow 19-3685] Ignored loading user repository 'c:/Users/Utilisateur/Documents/POEI/Projet_fin/Projet/IP/source_select/source_select_1.0'. The path is contained within another repository.
INFO: [IP_Flow 19-1700] Loaded user IP repository 'c:/Users/Utilisateur/Documents/POEI/Projet_fin/Projet/IP'.
INFO: [IP_Flow 19-795] Syncing license key meta-data
ipx::edit_ip_in_project: Time (s): cpu = 00:00:06 ; elapsed = 00:00:06 . Memory (MB): peak = 3771.500 ; gain = 0.000
update_compile_order -fileset sources_1
ipx::merge_project_changes hdl_parameters [ipx::current_core]
WARNING: [IP_Flow 19-5226] Project source file 'c:/Users/Utilisateur/Documents/POEI/Projet_fin/Projet/IP/PMODVGA/PMODVGA_1.0/component.xml' ignored by IP packager.
set_property core_revision 26 [ipx::current_core]
ipx::update_source_project_archive -component [ipx::current_core]
ipx::create_xgui_files [ipx::current_core]
ipx::update_checksums [ipx::current_core]
ipx::check_integrity [ipx::current_core]
INFO: [IP_Flow 19-2181] Payment Required is not set for this core.
INFO: [IP_Flow 19-2187] The Product Guide file is missing.
INFO: [Ipptcl 7-1486] check_integrity: Integrity check passed.
ipx::save_core [ipx::current_core]
ipx::move_temp_component_back -component [ipx::current_core]
close_project -delete
update_ip_catalog -rebuild -repo_path c:/Users/Utilisateur/Documents/POEI/Projet_fin/Projet/IP
INFO: [IP_Flow 19-725] Reloaded user IP repository 'c:/Users/Utilisateur/Documents/POEI/Projet_fin/Projet/IP'
upgrade_ip -vlnv xilinx.com:user:PMODVGA:1.0 [get_ips  design_1_PMODVGA_0_2] -log ip_upgrade.log
Upgrading 'C:/Users/Utilisateur/Documents/POEI/Projet_fin/Projet/src/Flux_VGA/Flux_VGA.srcs/sources_1/bd/design_1/design_1.bd'
INFO: [IP_Flow 19-3422] Upgraded design_1_PMODVGA_0_2 (PMODVGA_v1.0 1.0) from revision 25 to revision 26
Wrote  : <C:\Users\Utilisateur\Documents\POEI\Projet_fin\Projet\src\Flux_VGA\Flux_VGA.srcs\sources_1\bd\design_1\design_1.bd> 
INFO: [Coretcl 2-1525] Wrote upgrade log to 'C:/Users/Utilisateur/Documents/POEI/Projet_fin/Projet/src/Flux_VGA/ip_upgrade.log'.
export_ip_user_files -of_objects [get_ips design_1_PMODVGA_0_2] -no_script -sync -force -quiet
generate_target all [get_files  C:/Users/Utilisateur/Documents/POEI/Projet_fin/Projet/src/Flux_VGA/Flux_VGA.srcs/sources_1/bd/design_1/design_1.bd]
INFO: [xilinx.com:ip:clk_wiz:6.0-1] /clk_wiz_0 clk_wiz propagate
Wrote  : <C:\Users\Utilisateur\Documents\POEI\Projet_fin\Projet\src\Flux_VGA\Flux_VGA.srcs\sources_1\bd\design_1\design_1.bd> 
VHDL Output written to : c:/Users/Utilisateur/Documents/POEI/Projet_fin/Projet/src/Flux_VGA/Flux_VGA.gen/sources_1/bd/design_1/synth/design_1.vhd
VHDL Output written to : c:/Users/Utilisateur/Documents/POEI/Projet_fin/Projet/src/Flux_VGA/Flux_VGA.gen/sources_1/bd/design_1/sim/design_1.vhd
VHDL Output written to : c:/Users/Utilisateur/Documents/POEI/Projet_fin/Projet/src/Flux_VGA/Flux_VGA.gen/sources_1/bd/design_1/hdl/design_1_wrapper.vhd
INFO: [BD 41-1029] Generation completed for the IP Integrator block PMODVGA_0 .
Exporting to file c:/Users/Utilisateur/Documents/POEI/Projet_fin/Projet/src/Flux_VGA/Flux_VGA.gen/sources_1/bd/design_1/hw_handoff/design_1.hwh
Generated Block Design Tcl file c:/Users/Utilisateur/Documents/POEI/Projet_fin/Projet/src/Flux_VGA/Flux_VGA.gen/sources_1/bd/design_1/hw_handoff/design_1_bd.tcl
Generated Hardware Definition File c:/Users/Utilisateur/Documents/POEI/Projet_fin/Projet/src/Flux_VGA/Flux_VGA.gen/sources_1/bd/design_1/synth/design_1.hwdef
export_ip_user_files -of_objects [get_files C:/Users/Utilisateur/Documents/POEI/Projet_fin/Projet/src/Flux_VGA/Flux_VGA.srcs/sources_1/bd/design_1/design_1.bd] -no_script -sync -force -quiet
export_simulation -of_objects [get_files C:/Users/Utilisateur/Documents/POEI/Projet_fin/Projet/src/Flux_VGA/Flux_VGA.srcs/sources_1/bd/design_1/design_1.bd] -directory C:/Users/Utilisateur/Documents/POEI/Projet_fin/Projet/src/Flux_VGA/Flux_VGA.ip_user_files/sim_scripts -ip_user_files_dir C:/Users/Utilisateur/Documents/POEI/Projet_fin/Projet/src/Flux_VGA/Flux_VGA.ip_user_files -ipstatic_source_dir C:/Users/Utilisateur/Documents/POEI/Projet_fin/Projet/src/Flux_VGA/Flux_VGA.ip_user_files/ipstatic -lib_map_path [list {modelsim=C:/Users/Utilisateur/Documents/POEI/Projet_fin/Projet/src/Flux_VGA/Flux_VGA.cache/compile_simlib/modelsim} {questa=C:/Users/Utilisateur/Documents/POEI/Projet_fin/Projet/src/Flux_VGA/Flux_VGA.cache/compile_simlib/questa} {riviera=C:/Users/Utilisateur/Documents/POEI/Projet_fin/Projet/src/Flux_VGA/Flux_VGA.cache/compile_simlib/riviera} {activehdl=C:/Users/Utilisateur/Documents/POEI/Projet_fin/Projet/src/Flux_VGA/Flux_VGA.cache/compile_simlib/activehdl}] -use_ip_compiled_libs -force -quiet
reset_run synth_1
WARNING: [Vivado 12-1017] Problems encountered:
1. Failed to delete one or more files in run directory C:/Users/Utilisateur/Documents/POEI/Projet_fin/Projet/src/Flux_VGA/Flux_VGA.runs/synth_1

launch_runs impl_1 -to_step write_bitstream -jobs 4
WARNING: [Project 1-478] Design 'synth_1' is stale and will not be used when launching 'impl_1'
[Wed Sep 30 12:34:55 2026] Launched synth_1...
Run output will be captured here: C:/Users/Utilisateur/Documents/POEI/Projet_fin/Projet/src/Flux_VGA/Flux_VGA.runs/synth_1/runme.log
[Wed Sep 30 12:34:55 2026] Launched impl_1...
Run output will be captured here: C:/Users/Utilisateur/Documents/POEI/Projet_fin/Projet/src/Flux_VGA/Flux_VGA.runs/impl_1/runme.log
set_property PROBES.FILE {} [get_hw_devices xc7z010_1]
set_property FULL_PROBES.FILE {} [get_hw_devices xc7z010_1]
set_property PROGRAM.FILE {C:/Users/Utilisateur/Documents/POEI/Projet_fin/Projet/src/Flux_VGA/Flux_VGA.runs/impl_1/design_1_wrapper.bit} [get_hw_devices xc7z010_1]
program_hw_devices [get_hw_devices xc7z010_1]
INFO: [Labtools 27-3164] End of startup status: HIGH
refresh_hw_device [lindex [get_hw_devices xc7z010_1] 0]
INFO: [Labtools 27-1434] Device xc7z010 (JTAG device index = 1) is programmed with a design that has no supported debug core(s) in it.
report_ip_status -name ip_status 
update_ip_catalog -rebuild -scan_changes
INFO: [IP_Flow 19-234] Refreshing IP repositories
WARNING: [IP_Flow 19-3685] Ignored loading user repository 'c:/Users/Utilisateur/Documents/POEI/Projet_fin/Projet/IP/overlay/overlay_1.0'. The path is contained within another repository.
WARNING: [IP_Flow 19-3685] Ignored loading user repository 'c:/Users/Utilisateur/Documents/POEI/Projet_fin/Projet/IP/seuil/seuil_1.0'. The path is contained within another repository.
WARNING: [IP_Flow 19-3685] Ignored loading user repository 'c:/Users/Utilisateur/Documents/POEI/Projet_fin/Projet/IP/filtre_harris/filtre_harris_1.0'. The path is contained within another repository.
WARNING: [IP_Flow 19-3685] Ignored loading user repository 'c:/Users/Utilisateur/Documents/POEI/Projet_fin/Projet/IP/filtre_gaussien/filtre_gaussien_1.0'. The path is contained within another repository.
WARNING: [IP_Flow 19-3685] Ignored loading user repository 'c:/Users/Utilisateur/Documents/POEI/Projet_fin/Projet/IP/luminance/luminance_1.0'. The path is contained within another repository.
WARNING: [IP_Flow 19-3685] Ignored loading user repository 'c:/Users/Utilisateur/Documents/POEI/Projet_fin/Projet/IP/source_select/source_select_1.0'. The path is contained within another repository.
INFO: [IP_Flow 19-1700] Loaded user IP repository 'c:/Users/Utilisateur/Documents/POEI/Projet_fin/Projet/IP'.
report_ip_status -name ip_status
upgrade_ip -vlnv xilinx.com:user:TGP:1.0 [get_ips  design_1_TGP_1_0] -log ip_upgrade.log
Upgrading 'C:/Users/Utilisateur/Documents/POEI/Projet_fin/Projet/src/Flux_VGA/Flux_VGA.srcs/sources_1/bd/design_1/design_1.bd'
INFO: [IP_Flow 19-1972] Upgraded design_1_TGP_1_0 from TGP_v1.0 1.0 to TGP_v1.0 1.0
Wrote  : <C:\Users\Utilisateur\Documents\POEI\Projet_fin\Projet\src\Flux_VGA\Flux_VGA.srcs\sources_1\bd\design_1\design_1.bd> 
Wrote  : <C:/Users/Utilisateur/Documents/POEI/Projet_fin/Projet/src/Flux_VGA/Flux_VGA.srcs/sources_1/bd/design_1/ui/bd_1f5defd0.ui> 
INFO: [Coretcl 2-1525] Wrote upgrade log to 'C:/Users/Utilisateur/Documents/POEI/Projet_fin/Projet/src/Flux_VGA/ip_upgrade.log'.
export_ip_user_files -of_objects [get_ips design_1_TGP_1_0] -no_script -sync -force -quiet
generate_target all [get_files  C:/Users/Utilisateur/Documents/POEI/Projet_fin/Projet/src/Flux_VGA/Flux_VGA.srcs/sources_1/bd/design_1/design_1.bd]
INFO: [xilinx.com:ip:clk_wiz:6.0-1] /clk_wiz_0 clk_wiz propagate
Wrote  : <C:\Users\Utilisateur\Documents\POEI\Projet_fin\Projet\src\Flux_VGA\Flux_VGA.srcs\sources_1\bd\design_1\design_1.bd> 
VHDL Output written to : c:/Users/Utilisateur/Documents/POEI/Projet_fin/Projet/src/Flux_VGA/Flux_VGA.gen/sources_1/bd/design_1/synth/design_1.vhd
VHDL Output written to : c:/Users/Utilisateur/Documents/POEI/Projet_fin/Projet/src/Flux_VGA/Flux_VGA.gen/sources_1/bd/design_1/sim/design_1.vhd
VHDL Output written to : c:/Users/Utilisateur/Documents/POEI/Projet_fin/Projet/src/Flux_VGA/Flux_VGA.gen/sources_1/bd/design_1/hdl/design_1_wrapper.vhd
INFO: [BD 41-1029] Generation completed for the IP Integrator block TGP_1 .
Exporting to file c:/Users/Utilisateur/Documents/POEI/Projet_fin/Projet/src/Flux_VGA/Flux_VGA.gen/sources_1/bd/design_1/hw_handoff/design_1.hwh
Generated Block Design Tcl file c:/Users/Utilisateur/Documents/POEI/Projet_fin/Projet/src/Flux_VGA/Flux_VGA.gen/sources_1/bd/design_1/hw_handoff/design_1_bd.tcl
Generated Hardware Definition File c:/Users/Utilisateur/Documents/POEI/Projet_fin/Projet/src/Flux_VGA/Flux_VGA.gen/sources_1/bd/design_1/synth/design_1.hwdef
export_ip_user_files -of_objects [get_files C:/Users/Utilisateur/Documents/POEI/Projet_fin/Projet/src/Flux_VGA/Flux_VGA.srcs/sources_1/bd/design_1/design_1.bd] -no_script -sync -force -quiet
export_simulation -of_objects [get_files C:/Users/Utilisateur/Documents/POEI/Projet_fin/Projet/src/Flux_VGA/Flux_VGA.srcs/sources_1/bd/design_1/design_1.bd] -directory C:/Users/Utilisateur/Documents/POEI/Projet_fin/Projet/src/Flux_VGA/Flux_VGA.ip_user_files/sim_scripts -ip_user_files_dir C:/Users/Utilisateur/Documents/POEI/Projet_fin/Projet/src/Flux_VGA/Flux_VGA.ip_user_files -ipstatic_source_dir C:/Users/Utilisateur/Documents/POEI/Projet_fin/Projet/src/Flux_VGA/Flux_VGA.ip_user_files/ipstatic -lib_map_path [list {modelsim=C:/Users/Utilisateur/Documents/POEI/Projet_fin/Projet/src/Flux_VGA/Flux_VGA.cache/compile_simlib/modelsim} {questa=C:/Users/Utilisateur/Documents/POEI/Projet_fin/Projet/src/Flux_VGA/Flux_VGA.cache/compile_simlib/questa} {riviera=C:/Users/Utilisateur/Documents/POEI/Projet_fin/Projet/src/Flux_VGA/Flux_VGA.cache/compile_simlib/riviera} {activehdl=C:/Users/Utilisateur/Documents/POEI/Projet_fin/Projet/src/Flux_VGA/Flux_VGA.cache/compile_simlib/activehdl}] -use_ip_compiled_libs -force -quiet
reset_run synth_1
WARNING: [Vivado 12-1017] Problems encountered:
1. Failed to delete one or more files in run directory C:/Users/Utilisateur/Documents/POEI/Projet_fin/Projet/src/Flux_VGA/Flux_VGA.runs/synth_1

launch_runs impl_1 -to_step write_bitstream -jobs 4
WARNING: [Project 1-478] Design 'synth_1' is stale and will not be used when launching 'impl_1'
[Wed Sep 30 12:55:14 2026] Launched synth_1...
Run output will be captured here: C:/Users/Utilisateur/Documents/POEI/Projet_fin/Projet/src/Flux_VGA/Flux_VGA.runs/synth_1/runme.log
[Wed Sep 30 12:55:14 2026] Launched impl_1...
Run output will be captured here: C:/Users/Utilisateur/Documents/POEI/Projet_fin/Projet/src/Flux_VGA/Flux_VGA.runs/impl_1/runme.log
set_property PROBES.FILE {} [get_hw_devices xc7z010_1]
set_property FULL_PROBES.FILE {} [get_hw_devices xc7z010_1]
set_property PROGRAM.FILE {C:/Users/Utilisateur/Documents/POEI/Projet_fin/Projet/src/Flux_VGA/Flux_VGA.runs/impl_1/design_1_wrapper.bit} [get_hw_devices xc7z010_1]
program_hw_devices [get_hw_devices xc7z010_1]
INFO: [Labtools 27-3164] End of startup status: HIGH
refresh_hw_device [lindex [get_hw_devices xc7z010_1] 0]
INFO: [Labtools 27-1434] Device xc7z010 (JTAG device index = 1) is programmed with a design that has no supported debug core(s) in it.
open_bd_design {C:/Users/Utilisateur/Documents/POEI/Projet_fin/Projet/src/Flux_VGA/Flux_VGA.srcs/sources_1/bd/design_1/design_1.bd}
ipx::edit_ip_in_project -upgrade true -name TGP_v1_0_project -directory C:/Users/Utilisateur/Documents/POEI/Projet_fin/Projet/src/Flux_VGA/Flux_VGA.tmp/TGP_v1_0_project c:/Users/Utilisateur/Documents/POEI/Projet_fin/Projet/IP/TGP/TGP_1.0/component.xml
INFO: [ProjectBase 1-489] The host OS only allows 260 characters in a normal path. The project is stored in a path with more than 80 characters. If you experience issues with IP, Block Designs, or files not being found, please consider moving the project to a location with a shorter path. Alternately consider using the OS subst command to map part of the path to a drive letter.
Current project path is 'c:/users/utilisateur/documents/poei/projet_fin/projet/src/flux_vga/flux_vga.tmp/tgp_v1_0_project'
INFO: [IP_Flow 19-234] Refreshing IP repositories
INFO: [IP_Flow 19-1704] No user IP repositories specified
INFO: [IP_Flow 19-2313] Loaded Vivado IP repository 'C:/Xilinx/Vivado/2020.2/data/ip'.
INFO: [IP_Flow 19-234] Refreshing IP repositories
WARNING: [IP_Flow 19-3685] Ignored loading user repository 'c:/Users/Utilisateur/Documents/POEI/Projet_fin/Projet/IP/overlay/overlay_1.0'. The path is contained within another repository.
WARNING: [IP_Flow 19-3685] Ignored loading user repository 'c:/Users/Utilisateur/Documents/POEI/Projet_fin/Projet/IP/seuil/seuil_1.0'. The path is contained within another repository.
WARNING: [IP_Flow 19-3685] Ignored loading user repository 'c:/Users/Utilisateur/Documents/POEI/Projet_fin/Projet/IP/filtre_harris/filtre_harris_1.0'. The path is contained within another repository.
WARNING: [IP_Flow 19-3685] Ignored loading user repository 'c:/Users/Utilisateur/Documents/POEI/Projet_fin/Projet/IP/filtre_gaussien/filtre_gaussien_1.0'. The path is contained within another repository.
WARNING: [IP_Flow 19-3685] Ignored loading user repository 'c:/Users/Utilisateur/Documents/POEI/Projet_fin/Projet/IP/luminance/luminance_1.0'. The path is contained within another repository.
WARNING: [IP_Flow 19-3685] Ignored loading user repository 'c:/Users/Utilisateur/Documents/POEI/Projet_fin/Projet/IP/source_select/source_select_1.0'. The path is contained within another repository.
INFO: [IP_Flow 19-1700] Loaded user IP repository 'c:/Users/Utilisateur/Documents/POEI/Projet_fin/Projet/IP'.
INFO: [IP_Flow 19-795] Syncing license key meta-data
ipx::edit_ip_in_project: Time (s): cpu = 00:00:04 ; elapsed = 00:00:06 . Memory (MB): peak = 3778.098 ; gain = 0.352
update_compile_order -fileset sources_1
ipx::merge_project_changes hdl_parameters [ipx::current_core]
WARNING: [IP_Flow 19-5226] Project source file 'c:/Users/Utilisateur/Documents/POEI/Projet_fin/Projet/IP/TGP/TGP_1.0/component.xml' ignored by IP packager.
set_property core_revision 12 [ipx::current_core]
ipx::update_source_project_archive -component [ipx::current_core]
ipx::create_xgui_files [ipx::current_core]
ipx::update_checksums [ipx::current_core]
ipx::check_integrity [ipx::current_core]
INFO: [IP_Flow 19-2181] Payment Required is not set for this core.
INFO: [IP_Flow 19-2187] The Product Guide file is missing.
INFO: [Ipptcl 7-1486] check_integrity: Integrity check passed.
ipx::save_core [ipx::current_core]
ipx::move_temp_component_back -component [ipx::current_core]
close_project -delete
update_ip_catalog -rebuild -repo_path c:/Users/Utilisateur/Documents/POEI/Projet_fin/Projet/IP
INFO: [IP_Flow 19-725] Reloaded user IP repository 'c:/Users/Utilisateur/Documents/POEI/Projet_fin/Projet/IP'
ipx::edit_ip_in_project -upgrade true -name PMODVGA_v1_0_project -directory C:/Users/Utilisateur/Documents/POEI/Projet_fin/Projet/src/Flux_VGA/Flux_VGA.tmp/PMODVGA_v1_0_project c:/Users/Utilisateur/Documents/POEI/Projet_fin/Projet/IP/PMODVGA/PMODVGA_1.0/component.xml
INFO: [ProjectBase 1-489] The host OS only allows 260 characters in a normal path. The project is stored in a path with more than 80 characters. If you experience issues with IP, Block Designs, or files not being found, please consider moving the project to a location with a shorter path. Alternately consider using the OS subst command to map part of the path to a drive letter.
Current project path is 'c:/users/utilisateur/documents/poei/projet_fin/projet/src/flux_vga/flux_vga.tmp/pmodvga_v1_0_project'
INFO: [IP_Flow 19-234] Refreshing IP repositories
INFO: [IP_Flow 19-1704] No user IP repositories specified
INFO: [IP_Flow 19-2313] Loaded Vivado IP repository 'C:/Xilinx/Vivado/2020.2/data/ip'.
INFO: [IP_Flow 19-234] Refreshing IP repositories
WARNING: [IP_Flow 19-3685] Ignored loading user repository 'c:/Users/Utilisateur/Documents/POEI/Projet_fin/Projet/IP/overlay/overlay_1.0'. The path is contained within another repository.
WARNING: [IP_Flow 19-3685] Ignored loading user repository 'c:/Users/Utilisateur/Documents/POEI/Projet_fin/Projet/IP/seuil/seuil_1.0'. The path is contained within another repository.
WARNING: [IP_Flow 19-3685] Ignored loading user repository 'c:/Users/Utilisateur/Documents/POEI/Projet_fin/Projet/IP/filtre_harris/filtre_harris_1.0'. The path is contained within another repository.
WARNING: [IP_Flow 19-3685] Ignored loading user repository 'c:/Users/Utilisateur/Documents/POEI/Projet_fin/Projet/IP/filtre_gaussien/filtre_gaussien_1.0'. The path is contained within another repository.
WARNING: [IP_Flow 19-3685] Ignored loading user repository 'c:/Users/Utilisateur/Documents/POEI/Projet_fin/Projet/IP/luminance/luminance_1.0'. The path is contained within another repository.
WARNING: [IP_Flow 19-3685] Ignored loading user repository 'c:/Users/Utilisateur/Documents/POEI/Projet_fin/Projet/IP/source_select/source_select_1.0'. The path is contained within another repository.
INFO: [IP_Flow 19-1700] Loaded user IP repository 'c:/Users/Utilisateur/Documents/POEI/Projet_fin/Projet/IP'.
INFO: [IP_Flow 19-795] Syncing license key meta-data
ipx::edit_ip_in_project: Time (s): cpu = 00:00:08 ; elapsed = 00:00:05 . Memory (MB): peak = 3784.695 ; gain = 0.000
update_compile_order -fileset sources_1
set_property core_revision 27 [ipx::current_core]
ipx::update_source_project_archive -component [ipx::current_core]
ipx::create_xgui_files [ipx::current_core]
ipx::update_checksums [ipx::current_core]
ipx::check_integrity [ipx::current_core]
INFO: [IP_Flow 19-2181] Payment Required is not set for this core.
INFO: [IP_Flow 19-2187] The Product Guide file is missing.
INFO: [Ipptcl 7-1486] check_integrity: Integrity check passed.
ipx::save_core [ipx::current_core]
ipx::move_temp_component_back -component [ipx::current_core]
close_project -delete
update_ip_catalog -rebuild -repo_path c:/Users/Utilisateur/Documents/POEI/Projet_fin/Projet/IP
INFO: [IP_Flow 19-725] Reloaded user IP repository 'c:/Users/Utilisateur/Documents/POEI/Projet_fin/Projet/IP'
upgrade_ip -vlnv xilinx.com:user:TGP:1.0 [get_ips  design_1_TGP_1_0] -log ip_upgrade.log
Upgrading 'C:/Users/Utilisateur/Documents/POEI/Projet_fin/Projet/src/Flux_VGA/Flux_VGA.srcs/sources_1/bd/design_1/design_1.bd'
INFO: [IP_Flow 19-3422] Upgraded design_1_TGP_1_0 (TGP_v1.0 1.0) from revision 11 to revision 12
Wrote  : <C:\Users\Utilisateur\Documents\POEI\Projet_fin\Projet\src\Flux_VGA\Flux_VGA.srcs\sources_1\bd\design_1\design_1.bd> 
INFO: [Coretcl 2-1525] Wrote upgrade log to 'C:/Users/Utilisateur/Documents/POEI/Projet_fin/Projet/src/Flux_VGA/ip_upgrade.log'.
export_ip_user_files -of_objects [get_ips design_1_TGP_1_0] -no_script -sync -force -quiet
report_ip_status -name ip_status 
upgrade_ip -vlnv xilinx.com:user:PMODVGA:1.0 [get_ips  design_1_PMODVGA_0_2] -log ip_upgrade.log
Upgrading 'C:/Users/Utilisateur/Documents/POEI/Projet_fin/Projet/src/Flux_VGA/Flux_VGA.srcs/sources_1/bd/design_1/design_1.bd'
INFO: [IP_Flow 19-3422] Upgraded design_1_PMODVGA_0_2 (PMODVGA_v1.0 1.0) from revision 26 to revision 27
Wrote  : <C:\Users\Utilisateur\Documents\POEI\Projet_fin\Projet\src\Flux_VGA\Flux_VGA.srcs\sources_1\bd\design_1\design_1.bd> 
Wrote  : <C:/Users/Utilisateur/Documents/POEI/Projet_fin/Projet/src/Flux_VGA/Flux_VGA.srcs/sources_1/bd/design_1/ui/bd_1f5defd0.ui> 
INFO: [Coretcl 2-1525] Wrote upgrade log to 'C:/Users/Utilisateur/Documents/POEI/Projet_fin/Projet/src/Flux_VGA/ip_upgrade.log'.
export_ip_user_files -of_objects [get_ips design_1_PMODVGA_0_2] -no_script -sync -force -quiet
generate_target all [get_files  C:/Users/Utilisateur/Documents/POEI/Projet_fin/Projet/src/Flux_VGA/Flux_VGA.srcs/sources_1/bd/design_1/design_1.bd]
INFO: [xilinx.com:ip:clk_wiz:6.0-1] /clk_wiz_0 clk_wiz propagate
Wrote  : <C:\Users\Utilisateur\Documents\POEI\Projet_fin\Projet\src\Flux_VGA\Flux_VGA.srcs\sources_1\bd\design_1\design_1.bd> 
VHDL Output written to : c:/Users/Utilisateur/Documents/POEI/Projet_fin/Projet/src/Flux_VGA/Flux_VGA.gen/sources_1/bd/design_1/synth/design_1.vhd
VHDL Output written to : c:/Users/Utilisateur/Documents/POEI/Projet_fin/Projet/src/Flux_VGA/Flux_VGA.gen/sources_1/bd/design_1/sim/design_1.vhd
VHDL Output written to : c:/Users/Utilisateur/Documents/POEI/Projet_fin/Projet/src/Flux_VGA/Flux_VGA.gen/sources_1/bd/design_1/hdl/design_1_wrapper.vhd
INFO: [BD 41-1029] Generation completed for the IP Integrator block TGP_1 .
INFO: [BD 41-1029] Generation completed for the IP Integrator block PMODVGA_0 .
Exporting to file c:/Users/Utilisateur/Documents/POEI/Projet_fin/Projet/src/Flux_VGA/Flux_VGA.gen/sources_1/bd/design_1/hw_handoff/design_1.hwh
Generated Block Design Tcl file c:/Users/Utilisateur/Documents/POEI/Projet_fin/Projet/src/Flux_VGA/Flux_VGA.gen/sources_1/bd/design_1/hw_handoff/design_1_bd.tcl
Generated Hardware Definition File c:/Users/Utilisateur/Documents/POEI/Projet_fin/Projet/src/Flux_VGA/Flux_VGA.gen/sources_1/bd/design_1/synth/design_1.hwdef
export_ip_user_files -of_objects [get_files C:/Users/Utilisateur/Documents/POEI/Projet_fin/Projet/src/Flux_VGA/Flux_VGA.srcs/sources_1/bd/design_1/design_1.bd] -no_script -sync -force -quiet
export_simulation -of_objects [get_files C:/Users/Utilisateur/Documents/POEI/Projet_fin/Projet/src/Flux_VGA/Flux_VGA.srcs/sources_1/bd/design_1/design_1.bd] -directory C:/Users/Utilisateur/Documents/POEI/Projet_fin/Projet/src/Flux_VGA/Flux_VGA.ip_user_files/sim_scripts -ip_user_files_dir C:/Users/Utilisateur/Documents/POEI/Projet_fin/Projet/src/Flux_VGA/Flux_VGA.ip_user_files -ipstatic_source_dir C:/Users/Utilisateur/Documents/POEI/Projet_fin/Projet/src/Flux_VGA/Flux_VGA.ip_user_files/ipstatic -lib_map_path [list {modelsim=C:/Users/Utilisateur/Documents/POEI/Projet_fin/Projet/src/Flux_VGA/Flux_VGA.cache/compile_simlib/modelsim} {questa=C:/Users/Utilisateur/Documents/POEI/Projet_fin/Projet/src/Flux_VGA/Flux_VGA.cache/compile_simlib/questa} {riviera=C:/Users/Utilisateur/Documents/POEI/Projet_fin/Projet/src/Flux_VGA/Flux_VGA.cache/compile_simlib/riviera} {activehdl=C:/Users/Utilisateur/Documents/POEI/Projet_fin/Projet/src/Flux_VGA/Flux_VGA.cache/compile_simlib/activehdl}] -use_ip_compiled_libs -force -quiet
report_ip_status -name ip_status 
update_ip_catalog -rebuild -scan_changes
INFO: [IP_Flow 19-234] Refreshing IP repositories
WARNING: [IP_Flow 19-3685] Ignored loading user repository 'c:/Users/Utilisateur/Documents/POEI/Projet_fin/Projet/IP/overlay/overlay_1.0'. The path is contained within another repository.
WARNING: [IP_Flow 19-3685] Ignored loading user repository 'c:/Users/Utilisateur/Documents/POEI/Projet_fin/Projet/IP/seuil/seuil_1.0'. The path is contained within another repository.
WARNING: [IP_Flow 19-3685] Ignored loading user repository 'c:/Users/Utilisateur/Documents/POEI/Projet_fin/Projet/IP/filtre_harris/filtre_harris_1.0'. The path is contained within another repository.
WARNING: [IP_Flow 19-3685] Ignored loading user repository 'c:/Users/Utilisateur/Documents/POEI/Projet_fin/Projet/IP/filtre_gaussien/filtre_gaussien_1.0'. The path is contained within another repository.
WARNING: [IP_Flow 19-3685] Ignored loading user repository 'c:/Users/Utilisateur/Documents/POEI/Projet_fin/Projet/IP/luminance/luminance_1.0'. The path is contained within another repository.
WARNING: [IP_Flow 19-3685] Ignored loading user repository 'c:/Users/Utilisateur/Documents/POEI/Projet_fin/Projet/IP/source_select/source_select_1.0'. The path is contained within another repository.
INFO: [IP_Flow 19-1700] Loaded user IP repository 'c:/Users/Utilisateur/Documents/POEI/Projet_fin/Projet/IP'.
report_ip_status -name ip_status
upgrade_ip -vlnv xilinx.com:user:PMODVGA:1.0 [get_ips  design_1_PMODVGA_0_2] -log ip_upgrade.log
Upgrading 'C:/Users/Utilisateur/Documents/POEI/Projet_fin/Projet/src/Flux_VGA/Flux_VGA.srcs/sources_1/bd/design_1/design_1.bd'
INFO: [IP_Flow 19-1972] Upgraded design_1_PMODVGA_0_2 from PMODVGA_v1.0 1.0 to PMODVGA_v1.0 1.0
Wrote  : <C:\Users\Utilisateur\Documents\POEI\Projet_fin\Projet\src\Flux_VGA\Flux_VGA.srcs\sources_1\bd\design_1\design_1.bd> 
INFO: [Coretcl 2-1525] Wrote upgrade log to 'C:/Users/Utilisateur/Documents/POEI/Projet_fin/Projet/src/Flux_VGA/ip_upgrade.log'.
export_ip_user_files -of_objects [get_ips design_1_PMODVGA_0_2] -no_script -sync -force -quiet
generate_target all [get_files  C:/Users/Utilisateur/Documents/POEI/Projet_fin/Projet/src/Flux_VGA/Flux_VGA.srcs/sources_1/bd/design_1/design_1.bd]
INFO: [xilinx.com:ip:clk_wiz:6.0-1] /clk_wiz_0 clk_wiz propagate
Wrote  : <C:\Users\Utilisateur\Documents\POEI\Projet_fin\Projet\src\Flux_VGA\Flux_VGA.srcs\sources_1\bd\design_1\design_1.bd> 
VHDL Output written to : c:/Users/Utilisateur/Documents/POEI/Projet_fin/Projet/src/Flux_VGA/Flux_VGA.gen/sources_1/bd/design_1/synth/design_1.vhd
VHDL Output written to : c:/Users/Utilisateur/Documents/POEI/Projet_fin/Projet/src/Flux_VGA/Flux_VGA.gen/sources_1/bd/design_1/sim/design_1.vhd
VHDL Output written to : c:/Users/Utilisateur/Documents/POEI/Projet_fin/Projet/src/Flux_VGA/Flux_VGA.gen/sources_1/bd/design_1/hdl/design_1_wrapper.vhd
INFO: [BD 41-1029] Generation completed for the IP Integrator block PMODVGA_0 .
Exporting to file c:/Users/Utilisateur/Documents/POEI/Projet_fin/Projet/src/Flux_VGA/Flux_VGA.gen/sources_1/bd/design_1/hw_handoff/design_1.hwh
Generated Block Design Tcl file c:/Users/Utilisateur/Documents/POEI/Projet_fin/Projet/src/Flux_VGA/Flux_VGA.gen/sources_1/bd/design_1/hw_handoff/design_1_bd.tcl
Generated Hardware Definition File c:/Users/Utilisateur/Documents/POEI/Projet_fin/Projet/src/Flux_VGA/Flux_VGA.gen/sources_1/bd/design_1/synth/design_1.hwdef
export_ip_user_files -of_objects [get_files C:/Users/Utilisateur/Documents/POEI/Projet_fin/Projet/src/Flux_VGA/Flux_VGA.srcs/sources_1/bd/design_1/design_1.bd] -no_script -sync -force -quiet
export_simulation -of_objects [get_files C:/Users/Utilisateur/Documents/POEI/Projet_fin/Projet/src/Flux_VGA/Flux_VGA.srcs/sources_1/bd/design_1/design_1.bd] -directory C:/Users/Utilisateur/Documents/POEI/Projet_fin/Projet/src/Flux_VGA/Flux_VGA.ip_user_files/sim_scripts -ip_user_files_dir C:/Users/Utilisateur/Documents/POEI/Projet_fin/Projet/src/Flux_VGA/Flux_VGA.ip_user_files -ipstatic_source_dir C:/Users/Utilisateur/Documents/POEI/Projet_fin/Projet/src/Flux_VGA/Flux_VGA.ip_user_files/ipstatic -lib_map_path [list {modelsim=C:/Users/Utilisateur/Documents/POEI/Projet_fin/Projet/src/Flux_VGA/Flux_VGA.cache/compile_simlib/modelsim} {questa=C:/Users/Utilisateur/Documents/POEI/Projet_fin/Projet/src/Flux_VGA/Flux_VGA.cache/compile_simlib/questa} {riviera=C:/Users/Utilisateur/Documents/POEI/Projet_fin/Projet/src/Flux_VGA/Flux_VGA.cache/compile_simlib/riviera} {activehdl=C:/Users/Utilisateur/Documents/POEI/Projet_fin/Projet/src/Flux_VGA/Flux_VGA.cache/compile_simlib/activehdl}] -use_ip_compiled_libs -force -quiet
report_ip_status -name ip_status 
reset_run synth_1
WARNING: [Vivado 12-1017] Problems encountered:
1. Failed to delete one or more files in run directory C:/Users/Utilisateur/Documents/POEI/Projet_fin/Projet/src/Flux_VGA/Flux_VGA.runs/synth_1

launch_runs impl_1 -to_step write_bitstream -jobs 4
WARNING: [Project 1-478] Design 'synth_1' is stale and will not be used when launching 'impl_1'
[Wed Sep 30 13:01:52 2026] Launched synth_1...
Run output will be captured here: C:/Users/Utilisateur/Documents/POEI/Projet_fin/Projet/src/Flux_VGA/Flux_VGA.runs/synth_1/runme.log
[Wed Sep 30 13:01:52 2026] Launched impl_1...
Run output will be captured here: C:/Users/Utilisateur/Documents/POEI/Projet_fin/Projet/src/Flux_VGA/Flux_VGA.runs/impl_1/runme.log
set_property PROBES.FILE {} [get_hw_devices xc7z010_1]
set_property FULL_PROBES.FILE {} [get_hw_devices xc7z010_1]
set_property PROGRAM.FILE {C:/Users/Utilisateur/Documents/POEI/Projet_fin/Projet/src/Flux_VGA/Flux_VGA.runs/impl_1/design_1_wrapper.bit} [get_hw_devices xc7z010_1]
program_hw_devices [get_hw_devices xc7z010_1]
INFO: [Labtools 27-3164] End of startup status: HIGH
refresh_hw_device [lindex [get_hw_devices xc7z010_1] 0]
INFO: [Labtools 27-1434] Device xc7z010 (JTAG device index = 1) is programmed with a design that has no supported debug core(s) in it.
WARNING: [Common 17-9] Error reading message records.
WARNING: [Common 17-9] Error reading message records.
set_property PROBES.FILE {} [get_hw_devices xc7z010_1]
set_property FULL_PROBES.FILE {} [get_hw_devices xc7z010_1]
set_property PROGRAM.FILE {C:/Users/Utilisateur/Documents/POEI/Projet_fin/Projet/src/Flux_VGA/Flux_VGA.runs/impl_1/design_1_wrapper.bit} [get_hw_devices xc7z010_1]
program_hw_devices [get_hw_devices xc7z010_1]
INFO: [Labtools 27-3164] End of startup status: HIGH
refresh_hw_device [lindex [get_hw_devices xc7z010_1] 0]
INFO: [Labtools 27-1434] Device xc7z010 (JTAG device index = 1) is programmed with a design that has no supported debug core(s) in it.
