#-----------------------------------------------------------
# Vivado v2020.2 (64-bit)
# SW Build 3064766 on Wed Nov 18 09:12:45 MST 2020
# IP Build 3064653 on Wed Nov 18 14:17:31 MST 2020
# Start of session at: Wed Sep 16 12:01:42 2026
# Process ID: 21028
# Current directory: C:/Users/Utilisateur/Documents/POEI/Projet_fin/Projet/src/Flux_VGA
# Command line: vivado.exe -gui_launcher_event rodinguilauncherevent2096 C:\Users\Utilisateur\Documents\POEI\Projet_fin\Projet\src\Flux_VGA\Flux_VGA.xpr
# Log file: C:/Users/Utilisateur/Documents/POEI/Projet_fin/Projet/src/Flux_VGA/vivado.log
# Journal file: C:/Users/Utilisateur/Documents/POEI/Projet_fin/Projet/src/Flux_VGA\vivado.jou
#-----------------------------------------------------------
start_gui
open_project C:/Users/Utilisateur/Documents/POEI/Projet_fin/Projet/src/Flux_VGA/Flux_VGA.xpr
WARNING: [filemgmt 56-3] IP Repository Path: Could not find the directory 'C:/Users/Utilisateur/Documents/POEI/Projet_fin/Projet/IP/source_select/source_select_1.0'.
Scanning sources...
Finished scanning sources
INFO: [IP_Flow 19-234] Refreshing IP repositories
WARNING: [IP_Flow 19-3685] Ignored loading user repository 'c:/Users/Utilisateur/Documents/POEI/Projet_fin/Projet/IP/overlay/overlay_1.0'. The path is contained within another repository.
WARNING: [IP_Flow 19-3685] Ignored loading user repository 'c:/Users/Utilisateur/Documents/POEI/Projet_fin/Projet/IP/seuil/seuil_1.0'. The path is contained within another repository.
WARNING: [IP_Flow 19-3685] Ignored loading user repository 'c:/Users/Utilisateur/Documents/POEI/Projet_fin/Projet/IP/filtre_harris/filtre_harris_1.0'. The path is contained within another repository.
WARNING: [IP_Flow 19-3685] Ignored loading user repository 'c:/Users/Utilisateur/Documents/POEI/Projet_fin/Projet/IP/filtre_gaussien/filtre_gaussien_1.0'. The path is contained within another repository.
WARNING: [IP_Flow 19-3685] Ignored loading user repository 'c:/Users/Utilisateur/Documents/POEI/Projet_fin/Projet/IP/luminance/luminance_1.0'. The path is contained within another repository.
WARNING: [IP_Flow 19-3685] Ignored loading user repository 'c:/Users/Utilisateur/Documents/POEI/Projet_fin/Projet/IP/source_select/source_select_1.0'. The path is contained within another repository.
INFO: [IP_Flow 19-1700] Loaded user IP repository 'c:/Users/Utilisateur/Documents/POEI/Projet_fin/Projet/IP'.
INFO: [IP_Flow 19-2313] Loaded Vivado IP repository 'C:/Xilinx/Vivado/2020.2/data/ip'.
open_project: Time (s): cpu = 00:00:12 ; elapsed = 00:00:07 . Memory (MB): peak = 1004.750 ; gain = 0.000
update_compile_order -fileset sources_1
open_bd_design {C:/Users/Utilisateur/Documents/POEI/Projet_fin/Projet/src/Flux_VGA/Flux_VGA.srcs/sources_1/bd/design_1/design_1.bd}
Reading block design file <C:/Users/Utilisateur/Documents/POEI/Projet_fin/Projet/src/Flux_VGA/Flux_VGA.srcs/sources_1/bd/design_1/design_1.bd>...
Adding component instance block -- xilinx.com:user:PMODVGA:1.0 - PMODVGA_0
Adding component instance block -- xilinx.com:user:TGP:1.0 - TGP_1
Adding component instance block -- xilinx.com:ip:clk_wiz:6.0 - clk_wiz_0
Successfully read diagram <design_1> from block design file <C:/Users/Utilisateur/Documents/POEI/Projet_fin/Projet/src/Flux_VGA/Flux_VGA.srcs/sources_1/bd/design_1/design_1.bd>
open_bd_design: Time (s): cpu = 00:00:06 ; elapsed = 00:00:06 . Memory (MB): peak = 1004.750 ; gain = 0.000
ipx::edit_ip_in_project -upgrade true -name TGP_v1_0_project -directory C:/Users/Utilisateur/Documents/POEI/Projet_fin/Projet/src/Flux_VGA/Flux_VGA.tmp/TGP_v1_0_project c:/Users/Utilisateur/Documents/POEI/Projet_fin/Projet/IP/TGP/TGP_1.0/component.xml
INFO: [ProjectBase 1-489] The host OS only allows 260 characters in a normal path. The project is stored in a path with more than 80 characters. If you experience issues with IP, Block Designs, or files not being found, please consider moving the project to a location with a shorter path. Alternately consider using the OS subst command to map part of the path to a drive letter.
Current project path is 'c:/users/utilisateur/documents/poei/projet_fin/projet/src/flux_vga/flux_vga.tmp/tgp_v1_0_project'
INFO: [IP_Flow 19-234] Refreshing IP repositories
INFO: [IP_Flow 19-1704] No user IP repositories specified
INFO: [IP_Flow 19-2313] Loaded Vivado IP repository 'C:/Xilinx/Vivado/2020.2/data/ip'.
create_project: Time (s): cpu = 00:00:10 ; elapsed = 00:00:05 . Memory (MB): peak = 1004.750 ; gain = 0.000
INFO: [IP_Flow 19-234] Refreshing IP repositories
WARNING: [IP_Flow 19-3685] Ignored loading user repository 'c:/Users/Utilisateur/Documents/POEI/Projet_fin/Projet/IP/overlay/overlay_1.0'. The path is contained within another repository.
WARNING: [IP_Flow 19-3685] Ignored loading user repository 'c:/Users/Utilisateur/Documents/POEI/Projet_fin/Projet/IP/seuil/seuil_1.0'. The path is contained within another repository.
WARNING: [IP_Flow 19-3685] Ignored loading user repository 'c:/Users/Utilisateur/Documents/POEI/Projet_fin/Projet/IP/filtre_harris/filtre_harris_1.0'. The path is contained within another repository.
WARNING: [IP_Flow 19-3685] Ignored loading user repository 'c:/Users/Utilisateur/Documents/POEI/Projet_fin/Projet/IP/filtre_gaussien/filtre_gaussien_1.0'. The path is contained within another repository.
WARNING: [IP_Flow 19-3685] Ignored loading user repository 'c:/Users/Utilisateur/Documents/POEI/Projet_fin/Projet/IP/luminance/luminance_1.0'. The path is contained within another repository.
WARNING: [IP_Flow 19-3685] Ignored loading user repository 'c:/Users/Utilisateur/Documents/POEI/Projet_fin/Projet/IP/source_select/source_select_1.0'. The path is contained within another repository.
INFO: [IP_Flow 19-1700] Loaded user IP repository 'c:/Users/Utilisateur/Documents/POEI/Projet_fin/Projet/IP'.
INFO: [IP_Flow 19-795] Syncing license key meta-data
ipx::edit_ip_in_project: Time (s): cpu = 00:00:13 ; elapsed = 00:00:07 . Memory (MB): peak = 1004.750 ; gain = 0.000
update_compile_order -fileset sources_1
current_project Flux_VGA
close_project
exit
INFO: [Common 17-206] Exiting Vivado at Thu Sep 17 10:35:49 2026...
